[SearchSpike] t=0.000 scanner armed variant=-
[TabBarLink] linked chain=NavigationStackHostingController<AnyView> > UIKitNavigationController(skip) > TabHostingController tab=UIKitTabBarController sv=HostingScrollView svh=1080 pinned=1 legacyObserved=rows adjBottom=0 adjTop=0 restFix=0
[SearchSpike] t=0.043 kb none screen=search tab=0
[SearchSpike] t=0.043 focus UIKitFocusableViewResponderItem screen=search tab=0
[SearchSpike] t=0.043 tabbar y=46 h=68 onscreen=1
[TabBarStateProbe] chain root=UIHostingController<ModifiedContent<LazyView<ModifiedContent<ContentView, _PreferenceWritingModifier<PreferredColorSchemeKey>>>, RootModifier>> tab=UIKitTabBarController selected=TabHostingController > UIKitNavigationController > NavigationStackHostingController<AnyView> legacyObserved=rows
[TabBarStateProbe] y=46 h=68 a=1.00 hid=0 tbh=0 st=exp off=0 ins=0 sel=0 trk=rows sd=0 sdt=---- m=cls r=arm svh=1080
[TabBarStateProbe] y=46 h=68 a=1.00 hid=0 tbh=0 st=exp off=0 ins=0 sel=0 trk=rows sd=0 sdt=---- m=cls r=attach svh=1080
[SearchSpike] t=0.300 focus UITabBarButton screen=search tab=0
[TabBarStateProbe] y=46 h=68 a=1.00 hid=0 tbh=0 st=exp off=0 ins=0 sel=0 trk=rows sd=0 sdt=---- m=cls r=tick svh=574
[TabBarStateProbe] y=46 h=68 a=1.00 hid=0 tbh=0 st=exp off=0 ins=0 sel=1 trk=none sd=0 sdt=---- m=cls r=tab svh=574
[SearchSpike] t=4.242 tab 1
[TabBarStateProbe] y=46 h=68 a=1.00 hid=0 tbh=0 st=exp off=0 ins=0 sel=1 trk=none sd=0 sdt=---- m=cls r=tab2 svh=574
[TabBarLink] unlinked (left window) controllers=2
[TabBarStateProbe] y=46 h=68 a=1.00 hid=0 tbh=0 st=exp off=- ins=- sel=1 trk=none sd=0 sdt=---- m=cls r=tick svh=-
[SearchSpike] t=9.422 focus TVTextField screen=search tab=1
[SearchSpike] t=11.792 kb UIKeyboard grid 298,165 432x750 screen=search tab=1
[SearchSpike] t=11.792 layout grid
[SearchSpike] t=12.316 focus UIKeyboard screen=search tab=1
[SearchSpike] t=31.335 query 'S'
[SearchSpike] t=31.861 query 'Se'
[SearchSpike] t=31.969 results sections=1 loading=true
[SearchSpike] t=32.082 results sections=6 loading=true
[SearchSpike] t=32.188 results sections=8 loading=false
[SearchSpike] t=32.235 results sections=0 loading=true
[SearchSpike] t=32.326 results sections=2 loading=true
[SearchSpike] t=32.377 results sections=3 loading=true
[SearchSpike] t=32.450 results sections=6 loading=true
[SearchSpike] t=32.521 results sections=8 loading=false
[SearchSpike] t=33.773 query 'Sev'
[SearchSpike] t=34.151 results sections=0 loading=true
[SearchSpike] t=34.227 results sections=1 loading=true
[SearchSpike] t=34.264 results sections=2 loading=true
[SearchSpike] t=34.298 results sections=3 loading=true
[SearchSpike] t=34.362 results sections=6 loading=true
[SearchSpike] t=34.445 results sections=8 loading=false
[SearchSpike] t=34.519 query 'Seve'
[SearchSpike] t=34.884 results sections=0 loading=true
[SearchSpike] t=34.976 results sections=2 loading=true
[SearchSpike] t=35.020 results sections=3 loading=true
[SearchSpike] t=35.086 results sections=6 loading=true
[SearchSpike] t=35.191 results sections=8 loading=false
[SearchSpike] t=35.451 query 'Sever'
[SearchSpike] t=35.821 results sections=0 loading=true
[SearchSpike] t=35.903 results sections=2 loading=true
[SearchSpike] t=35.969 results sections=3 loading=true
[SearchSpike] t=36.029 results sections=6 loading=true
[SearchSpike] t=36.082 results sections=7 loading=false
[SearchSpike] t=36.582 query 'Severa'
[SearchSpike] t=36.979 results sections=0 loading=true
[SearchSpike] t=37.063 results sections=2 loading=true
[SearchSpike] t=37.122 results sections=3 loading=true
[SearchSpike] t=37.183 results sections=6 loading=true
[SearchSpike] t=37.432 query 'Severan'
[SearchSpike] t=37.460 results sections=7 loading=false
[SearchSpike] t=37.805 results sections=0 loading=true
[SearchSpike] t=37.873 results sections=2 loading=true
[SearchSpike] t=37.951 results sections=4 loading=true
[SearchSpike] t=38.006 results sections=6 loading=true
[SearchSpike] t=38.334 query 'Severanc'
[SearchSpike] t=38.726 results sections=0 loading=true
[SearchSpike] t=38.803 results sections=2 loading=true
[SearchSpike] t=38.848 results sections=3 loading=true
[SearchSpike] t=38.876 results sections=4 loading=true
[SearchSpike] t=38.936 results sections=6 loading=true
[SearchSpike] t=38.958 query 'Severance'
[SearchSpike] t=39.344 results sections=0 loading=true
[SearchSpike] t=39.409 results sections=2 loading=true
[SearchSpike] t=39.463 results sections=3 loading=true
[SearchSpike] t=39.494 results sections=4 loading=true
[SearchSpike] t=39.524 results sections=5 loading=true
[SearchSpike] t=39.661 results sections=6 loading=true
[SearchSpike] t=40.998 kb none screen=search tab=1
[SearchSpike] t=41.503 focus TVTextField screen=search tab=1
[SearchSpike] t=202.283 focus UITabBarButton screen=search tab=1
[SearchSpike] t=203.065 focus nil screen=search tab=1
