[SearchSpike] t=-0.000 scanner armed variant=A
[TabBarLink] linked chain=NavigationStackHostingController<AnyView> > UIKitNavigationController(skip) > TabHostingController tab=UIKitTabBarController sv=HostingScrollView svh=1080 pinned=1 legacyObserved=rows adjBottom=0 adjTop=0 restFix=0
[SearchSpike] t=0.038 tabbarlink linked chain=NavigationStackHostingController<AnyView> > UIKitNavigationController(skip) > TabHostingController sv=HostingScrollView svh=1080 observed=self
[SearchSpike] t=0.042 presslogger installed window=UIWindow level=0
[SearchSpike] t=0.042 kb none screen=search tab=0
[SearchSpike] t=0.043 focus UIKitFocusableViewResponderItem screen=search tab=0 blocker=0
[SearchSpike] t=0.043 tabbar y=46 h=68 onscreen=1
[TabBarStateProbe] chain root=UIHostingController<ModifiedContent<LazyView<ModifiedContent<ContentView, _PreferenceWritingModifier<PreferredColorSchemeKey>>>, RootModifier>> tab=UIKitTabBarController selected=TabHostingController > UIKitNavigationController > NavigationStackHostingController<AnyView> legacyObserved=rows
[TabBarStateProbe] y=46 h=68 a=1.00 hid=0 tbh=0 st=exp off=0 ins=0 sel=0 trk=rows sd=0 sdt=---- m=cls r=arm svh=1080
[TabBarStateProbe] y=46 h=68 a=1.00 hid=0 tbh=0 st=exp off=0 ins=0 sel=0 trk=rows sd=0 sdt=---- m=cls r=attach svh=1080
[SearchSpike] t=0.303 focus UITabBarButton screen=search tab=0 blocker=0
[TabBarStateProbe] y=46 h=68 a=1.00 hid=0 tbh=0 st=exp off=0 ins=0 sel=0 trk=rows sd=0 sdt=---- m=cls r=tick svh=574
[SearchSpike] t=48.850 press right window=UIWindow focus=nil inKeyboard=0
[TabBarStateProbe] y=46 h=68 a=1.00 hid=0 tbh=0 st=exp off=0 ins=0 sel=1 trk=none sd=0 sdt=---- m=cls r=tab svh=574
[SearchSpike] t=49.055 tab 1
[TabBarStateProbe] y=46 h=68 a=1.00 hid=0 tbh=0 st=exp off=0 ins=0 sel=1 trk=none sd=0 sdt=---- m=cls r=tab2 svh=574
[TabBarLink] unlinked (left window) controllers=2
[SearchSpike] t=50.222 kb _UISearchControllerTVKeyboardContainerView linear 0,157 1920x135 | UIKeyboard grid 80,261 432x750 screen=search tab=1
[SearchSpike] t=50.222 layout grid
[TabBarStateProbe] y=46 h=68 a=1.00 hid=0 tbh=0 st=exp off=- ins=- sel=1 trk=none sd=0 sdt=---- m=cls r=tick svh=-
[SearchSpike] t=56.111 focus UIKitFocusableViewResponderItem screen=search tab=1 blocker=0
[SearchSpike] t=56.112 press down window=UIWindow focus=nil inKeyboard=0
[SearchSpike] t=57.156 focus UIKeyboard screen=search tab=1 blocker=0
[SearchSpike] t=57.192 press left window=UIWindow focus=nil inKeyboard=0
[SearchSpike] t=73.169 query 'S' renders view=1 layer=3 content=9
[SearchSpike] t=73.698 query 'Se' renders view=1 layer=4 content=11
[SearchSpike] t=73.776 results sections=1 loading=true
[SearchSpike] t=73.827 rows swap mode=1 old=1 new=2 after=0.00s loading=1
[SearchSpike] t=73.828 results sections=2 loading=true
[SearchSpike] t=73.857 rows swap mode=1 old=2 new=3 after=0.00s loading=1
[SearchSpike] t=73.859 results sections=3 loading=true
[SearchSpike] t=73.892 rows swap mode=1 old=3 new=4 after=0.00s loading=1
[SearchSpike] t=73.893 results sections=4 loading=true
[SearchSpike] t=74.003 rows swap mode=1 old=4 new=5 after=0.00s loading=1
[SearchSpike] t=74.005 results sections=5 loading=true
[SearchSpike] t=74.044 rows swap mode=1 old=5 new=7 after=0.00s loading=1
[SearchSpike] t=74.045 results sections=7 loading=true
[SearchSpike] t=74.281 rows swap mode=1 old=7 new=1 after=0.17s loading=1
[SearchSpike] t=74.283 results sections=1 loading=true
[SearchSpike] t=74.367 rows swap mode=1 old=1 new=2 after=0.00s loading=1
[SearchSpike] t=74.368 results sections=2 loading=true
[SearchSpike] t=75.259 rows swap mode=1 old=2 new=3 after=0.00s loading=1
[SearchSpike] t=75.266 results sections=3 loading=true
[SearchSpike] t=75.390 rows swap mode=1 old=3 new=4 after=0.00s loading=1
[SearchSpike] t=75.392 results sections=4 loading=true
[SearchSpike] t=75.427 rows swap mode=1 old=4 new=5 after=0.00s loading=1
[SearchSpike] t=75.429 results sections=5 loading=true
[SearchSpike] t=75.488 rows swap mode=1 old=5 new=6 after=0.00s loading=1
[SearchSpike] t=75.490 results sections=6 loading=true
[SearchSpike] t=75.637 query 'Sev' renders view=1 layer=5 content=25
[SearchSpike] t=75.929 rows swap mode=1 old=6 new=7 after=0.00s loading=1
[SearchSpike] t=75.938 results sections=7 loading=true
[SearchSpike] t=76.024 results sections=8 loading=false
[SearchSpike] t=76.155 rows swap mode=1 old=8 new=1 after=0.07s loading=1
[SearchSpike] t=76.157 results sections=1 loading=true
[SearchSpike] t=76.240 rows swap mode=1 old=1 new=2 after=0.00s loading=1
[SearchSpike] t=76.242 results sections=2 loading=true
[SearchSpike] t=76.693 rows swap mode=1 old=2 new=3 after=0.00s loading=1
[SearchSpike] t=76.701 results sections=3 loading=true
[SearchSpike] t=76.766 rows swap mode=1 old=3 new=4 after=0.00s loading=1
[SearchSpike] t=76.767 results sections=4 loading=true
[SearchSpike] t=76.846 rows swap mode=1 old=4 new=5 after=0.00s loading=1
[SearchSpike] t=76.848 results sections=5 loading=true
[SearchSpike] t=76.965 query 'Seve' renders view=1 layer=6 content=34
[SearchSpike] t=76.979 rows swap mode=1 old=5 new=6 after=0.00s loading=1
[SearchSpike] t=76.981 results sections=6 loading=true
[SearchSpike] t=77.569 rows swap mode=1 old=6 new=1 after=0.23s loading=1
[SearchSpike] t=77.579 results sections=1 loading=true
[SearchSpike] t=77.668 rows swap mode=1 old=1 new=3 after=0.00s loading=1
[SearchSpike] t=77.670 results sections=3 loading=true
[SearchSpike] t=77.736 rows swap mode=1 old=3 new=4 after=0.00s loading=1
[SearchSpike] t=77.738 results sections=4 loading=true
[SearchSpike] t=77.947 rows swap mode=1 old=4 new=5 after=0.00s loading=1
[SearchSpike] t=77.949 results sections=5 loading=true
[SearchSpike] t=78.170 rows swap mode=1 old=5 new=6 after=0.00s loading=1
[SearchSpike] t=78.174 results sections=6 loading=true
[SearchSpike] t=78.380 query 'Sever' renders view=1 layer=7 content=42
[SearchSpike] t=79.043 rows swap mode=1 old=6 new=1 after=0.26s loading=1
[SearchSpike] t=79.047 results sections=1 loading=true
[SearchSpike] t=79.123 rows swap mode=1 old=1 new=2 after=0.00s loading=1
[SearchSpike] t=79.124 results sections=2 loading=true
[SearchSpike] t=79.324 rows swap mode=1 old=2 new=3 after=0.00s loading=1
[SearchSpike] t=79.327 results sections=3 loading=true
[SearchSpike] t=79.595 query 'Severa' renders view=1 layer=8 content=47
[SearchSpike] t=79.906 rows swap mode=1 old=3 new=4 after=0.00s loading=1
[SearchSpike] t=79.911 results sections=4 loading=true
[SearchSpike] t=80.012 rows swap mode=1 old=4 new=1 after=0.04s loading=1
[SearchSpike] t=80.013 results sections=1 loading=true
[SearchSpike] t=80.112 rows swap mode=1 old=1 new=2 after=0.00s loading=1
[SearchSpike] t=80.113 results sections=2 loading=true
[SearchSpike] t=80.167 rows swap mode=1 old=2 new=3 after=0.00s loading=1
[SearchSpike] t=80.168 results sections=3 loading=true
[SearchSpike] t=80.369 rows swap mode=1 old=3 new=4 after=0.00s loading=1
[SearchSpike] t=80.372 results sections=4 loading=true
[SearchSpike] t=80.481 rows swap mode=1 old=4 new=5 after=0.00s loading=1
[SearchSpike] t=80.482 results sections=5 loading=true
[SearchSpike] t=80.526 query 'Severan' renders view=1 layer=9 content=55
[SearchSpike] t=80.789 rows swap mode=1 old=5 new=6 after=0.00s loading=1
[SearchSpike] t=80.796 results sections=6 loading=true
[SearchSpike] t=80.958 rows swap mode=1 old=6 new=1 after=0.05s loading=1
[SearchSpike] t=80.960 results sections=1 loading=true
[SearchSpike] t=81.014 rows swap mode=1 old=1 new=2 after=0.00s loading=1
[SearchSpike] t=81.015 results sections=2 loading=true
[SearchSpike] t=81.133 rows swap mode=1 old=2 new=3 after=0.00s loading=1
[SearchSpike] t=81.135 results sections=3 loading=true
[SearchSpike] t=81.184 rows swap mode=1 old=3 new=4 after=0.00s loading=1
[SearchSpike] t=81.187 results sections=4 loading=true
[SearchSpike] t=81.576 query 'Severanc' renders view=1 layer=10 content=62
[SearchSpike] t=81.656 rows swap mode=1 old=4 new=5 after=0.00s loading=1
[SearchSpike] t=81.659 results sections=5 loading=true
[SearchSpike] t=81.742 results sections=6 loading=false
[SearchSpike] t=82.026 rows swap mode=1 old=6 new=1 after=0.05s loading=1
[SearchSpike] t=82.029 results sections=1 loading=true
[SearchSpike] t=82.097 rows swap mode=1 old=1 new=2 after=0.00s loading=1
[SearchSpike] t=82.098 results sections=2 loading=true
[SearchSpike] t=82.197 rows swap mode=1 old=2 new=3 after=0.00s loading=1
[SearchSpike] t=82.199 results sections=3 loading=true
[SearchSpike] t=82.236 rows swap mode=1 old=3 new=4 after=0.00s loading=1
[SearchSpike] t=82.237 results sections=4 loading=true
[SearchSpike] t=82.263 query 'Severance' renders view=1 layer=11 content=70
[SearchSpike] t=82.503 rows swap mode=1 old=4 new=5 after=0.00s loading=1
[SearchSpike] t=82.510 results sections=5 loading=true
[SearchSpike] t=82.580 results sections=6 loading=false
[SearchSpike] t=82.667 rows swap mode=1 old=6 new=1 after=0.04s loading=1
[SearchSpike] t=82.669 results sections=1 loading=true
[SearchSpike] t=82.718 rows swap mode=1 old=1 new=2 after=0.00s loading=1
[SearchSpike] t=82.719 results sections=2 loading=true
[SearchSpike] t=82.839 rows swap mode=1 old=2 new=3 after=0.00s loading=1
[SearchSpike] t=82.841 results sections=3 loading=true
[SearchSpike] t=82.879 rows swap mode=1 old=3 new=4 after=0.00s loading=1
[SearchSpike] t=82.881 results sections=4 loading=true
[SearchSpike] t=82.901 rows swap mode=1 old=4 new=5 after=0.00s loading=1
[SearchSpike] t=82.902 results sections=5 loading=true
[SearchSpike] t=83.149 rows swap mode=1 old=5 new=6 after=0.00s loading=1
[SearchSpike] t=83.158 results sections=6 loading=true
[SearchSpike] t=322.232 press down window=UIWindow focus=nil inKeyboard=0
[SearchSpike] t=322.612 press down window=UIWindow focus=nil inKeyboard=0
[SearchSpike] t=322.832 press down window=UIWindow focus=nil inKeyboard=0
[SearchSpike] t=323.060 press down window=UIWindow focus=nil inKeyboard=0
[SearchSpike] t=323.312 press down window=UIWindow focus=nil inKeyboard=0
[SearchSpike] t=323.822 press right window=UIWindow focus=nil inKeyboard=0
[SearchSpike] t=324.289 press select window=UIWindow focus=nil inKeyboard=0
[SearchSpike] t=324.343 query 'Severanc' renders view=1 layer=12 content=81
[SearchSpike] t=324.506 press select window=UIWindow focus=nil inKeyboard=0
[SearchSpike] t=324.534 query 'Severan' renders view=1 layer=13 content=82
[SearchSpike] t=324.773 press select window=UIWindow focus=nil inKeyboard=0
[SearchSpike] t=324.803 query 'Severa' renders view=1 layer=14 content=83
[SearchSpike] t=324.990 press select window=UIWindow focus=nil inKeyboard=0
[SearchSpike] t=325.019 query 'Sever' renders view=1 layer=15 content=84
[SearchSpike] t=325.190 press select window=UIWindow focus=nil inKeyboard=0
[SearchSpike] t=325.220 query 'Seve' renders view=1 layer=16 content=85
[SearchSpike] t=325.390 press select window=UIWindow focus=nil inKeyboard=0
[SearchSpike] t=325.421 query 'Sev' renders view=1 layer=17 content=86
[SearchSpike] t=325.607 press select window=UIWindow focus=nil inKeyboard=0
[SearchSpike] t=325.638 query 'Se' renders view=1 layer=18 content=87
[SearchSpike] t=325.790 press select window=UIWindow focus=nil inKeyboard=0
[SearchSpike] t=325.815 query 'S' renders view=1 layer=19 content=88
[SearchSpike] t=326.007 press select window=UIWindow focus=nil inKeyboard=0
[SearchSpike] t=326.038 query '' renders view=1 layer=20 content=89
[SearchSpike] t=326.171 results sections=0 loading=false
[SearchSpike] t=326.494 press select window=UIWindow focus=nil inKeyboard=0
[SearchSpike] t=327.301 press up window=UIWindow focus=nil inKeyboard=0
[SearchSpike] t=327.512 press up window=UIWindow focus=nil inKeyboard=0
[SearchSpike] t=327.724 press up window=UIWindow focus=nil inKeyboard=0
[SearchSpike] t=328.210 press up window=UIWindow focus=nil inKeyboard=0
[SearchSpike] t=328.710 press select window=UIWindow focus=nil inKeyboard=0
[SearchSpike] t=328.748 query 'd' renders view=1 layer=21 content=92
[SearchSpike] t=329.177 press down window=UIWindow focus=nil inKeyboard=0
[SearchSpike] t=329.341 results sections=1 loading=true
[SearchSpike] t=329.392 press down window=UIWindow focus=nil inKeyboard=0
[SearchSpike] t=329.515 rows swap mode=1 old=1 new=2 after=0.00s loading=1
[SearchSpike] t=329.517 results sections=2 loading=true
[SearchSpike] t=329.595 rows swap mode=1 old=2 new=3 after=0.00s loading=1
[SearchSpike] t=329.597 results sections=3 loading=true
[SearchSpike] t=329.618 press down window=UIWindow focus=nil inKeyboard=0
[SearchSpike] t=329.663 rows swap mode=1 old=3 new=5 after=0.00s loading=1
[SearchSpike] t=329.664 results sections=5 loading=true
[SearchSpike] t=329.753 rows swap mode=1 old=5 new=6 after=0.00s loading=1
[SearchSpike] t=329.756 results sections=6 loading=true
[SearchSpike] t=330.042 press left window=UIWindow focus=nil inKeyboard=0
[SearchSpike] t=330.441 rows swap mode=1 old=6 new=7 after=0.00s loading=1
[SearchSpike] t=330.450 results sections=7 loading=true
[SearchSpike] t=330.544 press select window=UIWindow focus=nil inKeyboard=0
[SearchSpike] t=330.571 query 'du' renders view=1 layer=22 content=100
[SearchSpike] t=331.011 rows swap mode=1 old=7 new=1 after=0.05s loading=1
[SearchSpike] t=331.014 results sections=1 loading=true
[SearchSpike] t=331.087 rows swap mode=1 old=1 new=3 after=0.00s loading=1
[SearchSpike] t=331.088 results sections=3 loading=true
[SearchSpike] t=331.166 rows swap mode=1 old=3 new=4 after=0.00s loading=1
[SearchSpike] t=331.167 results sections=4 loading=true
[SearchSpike] t=332.028 press up window=UIWindow focus=nil inKeyboard=0
[SearchSpike] t=332.423 press left window=UIWindow focus=nil inKeyboard=0
[SearchSpike] t=332.563 rows swap mode=1 old=4 new=5 after=0.00s loading=1
[SearchSpike] t=332.572 results sections=5 loading=true
[SearchSpike] t=332.642 rows swap mode=1 old=5 new=7 after=0.00s loading=1
[SearchSpike] t=332.686 results sections=7 loading=true
[SearchSpike] t=332.795 press select window=UIWindow focus=nil inKeyboard=0
[SearchSpike] t=332.803 query 'dun' renders view=1 layer=23 content=107
[SearchSpike] t=333.039 rows swap mode=1 old=7 new=8 after=0.00s loading=1
[SearchSpike] t=333.043 results sections=8 loading=false
[SearchSpike] t=333.239 rows swap mode=1 old=8 new=1 after=0.05s loading=1
[SearchSpike] t=333.241 results sections=1 loading=true
[SearchSpike] t=333.314 rows swap mode=1 old=1 new=2 after=0.00s loading=1
[SearchSpike] t=333.316 press right window=UIWindow focus=nil inKeyboard=0
[SearchSpike] t=333.317 results sections=2 loading=true
[SearchSpike] t=333.397 rows swap mode=1 old=2 new=3 after=0.00s loading=1
[SearchSpike] t=333.398 results sections=3 loading=true
[SearchSpike] t=333.477 rows swap mode=1 old=3 new=4 after=0.00s loading=1
[SearchSpike] t=333.478 results sections=4 loading=true
[SearchSpike] t=333.529 press right window=UIWindow focus=nil inKeyboard=0
[SearchSpike] t=333.729 press right window=UIWindow focus=nil inKeyboard=0
[SearchSpike] t=334.100 rows swap mode=1 old=4 new=5 after=0.00s loading=1
[SearchSpike] t=334.107 results sections=5 loading=true
[SearchSpike] t=334.173 press up window=UIWindow focus=nil inKeyboard=0
[SearchSpike] t=334.330 press up window=UIWindow focus=nil inKeyboard=0
[SearchSpike] t=334.622 rows swap mode=1 old=5 new=6 after=0.00s loading=1
[SearchSpike] t=334.631 results sections=6 loading=true
[SearchSpike] t=335.010 press select window=UIWindow focus=nil inKeyboard=0
[SearchSpike] t=335.031 query 'dune' renders view=1 layer=24 content=116
[SearchSpike] t=335.490 rows swap mode=1 old=6 new=1 after=0.05s loading=1
[SearchSpike] t=335.494 results sections=1 loading=true
[SearchSpike] t=335.576 rows swap mode=1 old=1 new=3 after=0.00s loading=1
[SearchSpike] t=335.577 results sections=3 loading=true
[SearchSpike] t=335.640 rows swap mode=1 old=3 new=4 after=0.00s loading=1
[SearchSpike] t=335.666 results sections=4 loading=true
[SearchSpike] t=335.683 rows swap mode=1 old=4 new=5 after=0.00s loading=1
[SearchSpike] t=335.685 results sections=5 loading=true
[SearchSpike] t=335.784 rows swap mode=1 old=5 new=6 after=0.00s loading=1
[SearchSpike] t=335.786 results sections=6 loading=true
[SearchSpike] t=336.289 rows swap mode=1 old=6 new=7 after=0.00s loading=1
[SearchSpike] t=336.298 results sections=7 loading=false
