[LaunchTrace] +0ms app_init
2026-08-27 23:20:35.890 NuvioTV[84819:12603482] -canOpenURL: failed for URL: "infuse://" - error: "The operation couldn’t be completed. (OSStatus error -10814.)"
[ExtPlayerProbe] canOpenURL(infuse://) = false
2026-08-27 23:20:35.890 NuvioTV[84819:12603482] -canOpenURL: failed for URL: "vlc-x-callback://" - error: "The operation couldn’t be completed. (OSStatus error -10814.)"
[ExtPlayerProbe] canOpenURL(vlc-x-callback://) = false
2026-08-27 23:20:35.891 NuvioTV[84819:12603482] -canOpenURL: failed for URL: "outplayer://" - error: "The operation couldn’t be completed. (OSStatus error -10814.)"
[ExtPlayerProbe] canOpenURL(outplayer://) = false
2026-08-27 23:20:35.891 NuvioTV[84819:12603482] -canOpenURL: failed for URL: "open-vidhub://" - error: "The operation couldn’t be completed. (OSStatus error -10814.)"
[ExtPlayerProbe] canOpenURL(open-vidhub://) = false
2026-08-27 23:20:35.892 NuvioTV[84819:12603482] -canOpenURL: failed for URL: "vidhub://" - error: "The operation couldn’t be completed. (OSStatus error -10814.)"
[ExtPlayerProbe] canOpenURL(vidhub://) = false
2026-08-27 23:20:35.893 NuvioTV[84819:12603482] -canOpenURL: failed for URL: "infuse://" - error: "The operation couldn’t be completed. (OSStatus error -10814.)"
2026-08-27 23:20:35.894 NuvioTV[84819:12603482] -canOpenURL: failed for URL: "vlc-x-callback://" - error: "The operation couldn’t be completed. (OSStatus error -10814.)"
2026-08-27 23:20:35.894 NuvioTV[84819:12603482] -canOpenURL: failed for URL: "outplayer://" - error: "The operation couldn’t be completed. (OSStatus error -10814.)"
2026-08-27 23:20:35.894 NuvioTV[84819:12603482] -canOpenURL: failed for URL: "open-vidhub://" - error: "The operation couldn’t be completed. (OSStatus error -10814.)"
[ExtPlayerProbe] availablePlayers = []
[LaunchTrace] +893ms artwork #1: mem=0 disk=1 net=0 fail=0
[ProfileSelect] selecting profile 2
[ProfileSelect] selectProfile returned — requesting full pull
[ProfileSelect] full pull requested — tap complete
2026-08-27 23:20:53.068 NuvioTV[84819:12603482] [HomeScrollProbe] classic y=0 inset=0 residual=0
[LaunchTrace] +17476ms home_appear
2026-08-27 23:20:53.076 NuvioTV[84819:12603482] [TrailerPipeline] trailerLocation heroMode=NO
2026-08-27 23:20:53.098 NuvioTV[84819:12603482] [HomeScrollProbe] classic y=-302 inset=302 residual=0
2026-08-27 23:20:53.099 NuvioTV[84819:12603482] [HomeScrollProbe] classic y=-157 inset=157 residual=0
[LaunchTrace] +17529ms first_rows n=1 hero=0
[TopShelf] wrote 10 items to /Users/christianturnbull/Library/Developer/CoreSimulator/Devices/FA87E9B6-F28D-4DF9-84E4-A5A4C5DBFC4E/data/Containers/Shared/AppGroup/E705B090-DA3F-472C-93BC-23BC3D1912B8/Library/Caches/top-shelf.json
[TopShelf] wrote 10 items to /Users/christianturnbull/Library/Developer/CoreSimulator/Devices/FA87E9B6-F28D-4DF9-84E4-A5A4C5DBFC4E/data/Containers/Shared/AppGroup/E705B090-DA3F-472C-93BC-23BC3D1912B8/Library/Caches/top-shelf.json
[TopShelf] wrote 10 items to /Users/christianturnbull/Library/Developer/CoreSimulator/Devices/FA87E9B6-F28D-4DF9-84E4-A5A4C5DBFC4E/data/Containers/Shared/AppGroup/E705B090-DA3F-472C-93BC-23BC3D1912B8/Library/Caches/top-shelf.json
[LaunchTrace] +17690ms rows n=5
2026-08-27 23:20:53.288 NuvioTV[84819:12603482] [TrailerPipeline] gates inlineTrailersEnabled=YES systemAutoplay=YES
[LaunchTrace] +17758ms artwork #10: mem=0 disk=10 net=0 fail=0
[LaunchTrace] +17810ms rows n=9
2026-08-27 23:20:53.507 NuvioTV[84819:12603482] [HomeScrollProbe] REST classic y=-157 inset=157 residual=0
[LaunchTrace] +18026ms rows n=17
[LaunchTrace] +18717ms rows n=21
[LaunchTrace] +18746ms rows n=23
[LaunchTrace] +18859ms first_hero n=8
[LaunchTrace] +18937ms artwork #25: mem=0 disk=25 net=0 fail=0
[LaunchTrace] +19640ms rows n=31
[LaunchTrace] +20299ms rows n=35
2026-08-27 23:21:08.357 NuvioTV[84819:12603482] [HomeScrollProbe] classic y=-147 inset=157 residual=10
2026-08-27 23:21:08.377 NuvioTV[84819:12603482] [HomeScrollProbe] classic y=-141 inset=157 residual=17
2026-08-27 23:21:08.442 NuvioTV[84819:12603482] [HomeScrollProbe] classic y=-124 inset=157 residual=33
2026-08-27 23:21:08.456 NuvioTV[84819:12603482] [HomeScrollProbe] classic y=-121 inset=157 residual=36
2026-08-27 23:21:08.472 NuvioTV[84819:12603482] [HomeScrollProbe] classic y=-118 inset=157 residual=39
2026-08-27 23:21:08.490 NuvioTV[84819:12603482] [HomeScrollProbe] classic y=-115 inset=157 residual=42
2026-08-27 23:21:08.505 NuvioTV[84819:12603482] [HomeScrollProbe] classic y=-113 inset=157 residual=45
2026-08-27 23:21:08.528 NuvioTV[84819:12603482] [HomeScrollProbe] classic y=-110 inset=157 residual=48
2026-08-27 23:21:08.555 NuvioTV[84819:12603482] [HomeScrollProbe] classic y=-107 inset=157 residual=51
2026-08-27 23:21:08.572 NuvioTV[84819:12603482] [HomeScrollProbe] classic y=-105 inset=157 residual=53
2026-08-27 23:21:08.588 NuvioTV[84819:12603482] [HomeScrollProbe] classic y=-104 inset=157 residual=54
2026-08-27 23:21:08.605 NuvioTV[84819:12603482] [HomeScrollProbe] classic y=-102 inset=157 residual=55
2026-08-27 23:21:08.622 NuvioTV[84819:12603482] [HomeScrollProbe] classic y=-101 inset=157 residual=57
2026-08-27 23:21:08.639 NuvioTV[84819:12603482] [HomeScrollProbe] classic y=-100 inset=157 residual=58
2026-08-27 23:21:08.655 NuvioTV[84819:12603482] [HomeScrollProbe] classic y=-99 inset=157 residual=59
2026-08-27 23:21:08.672 NuvioTV[84819:12603482] [HomeScrollProbe] classic y=-98 inset=157 residual=59
2026-08-27 23:21:08.689 NuvioTV[84819:12603482] [HomeScrollProbe] classic y=-97 inset=157 residual=60
2026-08-27 23:21:08.705 NuvioTV[84819:12603482] [HomeScrollProbe] classic y=-97 inset=157 residual=61
2026-08-27 23:21:08.722 NuvioTV[84819:12603482] [HomeScrollProbe] classic y=-96 inset=157 residual=62
2026-08-27 23:21:08.739 NuvioTV[84819:12603482] [HomeScrollProbe] classic y=-95 inset=157 residual=62
2026-08-27 23:21:08.755 NuvioTV[84819:12603482] [HomeScrollProbe] classic y=-95 inset=157 residual=63
2026-08-27 23:21:08.772 NuvioTV[84819:12603482] [HomeScrollProbe] classic y=-94 inset=157 residual=63
2026-08-27 23:21:08.789 NuvioTV[84819:12603482] [HomeScrollProbe] classic y=-94 inset=157 residual=64
2026-08-27 23:21:08.822 NuvioTV[84819:12603482] [HomeScrollProbe] classic y=-93 inset=157 residual=64
2026-08-27 23:21:08.839 NuvioTV[84819:12603482] [HomeScrollProbe] classic y=-93 inset=157 residual=65
2026-08-27 23:21:08.873 NuvioTV[84819:12603482] [HomeScrollProbe] classic y=-92 inset=157 residual=65
2026-08-27 23:21:08.924 NuvioTV[84819:12603482] [HomeScrollProbe] classic y=-92 inset=157 residual=66
2026-08-27 23:21:08.972 NuvioTV[84819:12603482] [HomeScrollProbe] classic y=-91 inset=157 residual=66
2026-08-27 23:21:09.057 NuvioTV[84819:12603482] [HomeScrollProbe] classic y=-91 inset=157 residual=67
2026-08-27 23:21:09.126 NuvioTV[84819:12603482] [HomeScrollProbe] classic y=-90 inset=157 residual=67
2026-08-27 23:21:09.545 NuvioTV[84819:12603482] [HomeScrollProbe] REST classic y=-90 inset=157 residual=67
2026-08-27 23:21:09.789 NuvioTV[84819:12603482] [HomeScrollProbe] classic y=-80 inset=157 residual=77
2026-08-27 23:21:09.809 NuvioTV[84819:12603482] [HomeScrollProbe] classic y=-60 inset=157 residual=97
2026-08-27 23:21:09.822 NuvioTV[84819:12603482] [HomeScrollProbe] classic y=-30 inset=157 residual=127
2026-08-27 23:21:09.844 NuvioTV[84819:12603482] [HomeScrollProbe] classic y=10 inset=157 residual=167
2026-08-27 23:21:09.855 NuvioTV[84819:12603482] [HomeScrollProbe] classic y=35 inset=157 residual=192
2026-08-27 23:21:09.872 NuvioTV[84819:12603482] [HomeScrollProbe] classic y=68 inset=157 residual=225
2026-08-27 23:21:09.889 NuvioTV[84819:12603482] [HomeScrollProbe] classic y=97 inset=157 residual=254
2026-08-27 23:21:09.905 NuvioTV[84819:12603482] [HomeScrollProbe] classic y=124 inset=157 residual=281
2026-08-27 23:21:09.922 NuvioTV[84819:12603482] [HomeScrollProbe] classic y=148 inset=157 residual=305
2026-08-27 23:21:09.941 NuvioTV[84819:12603482] [HomeScrollProbe] classic y=172 inset=157 residual=329
2026-08-27 23:21:09.955 NuvioTV[84819:12603482] [HomeScrollProbe] classic y=189 inset=157 residual=346
2026-08-27 23:21:09.972 NuvioTV[84819:12603482] [HomeScrollProbe] classic y=207 inset=157 residual=364
2026-08-27 23:21:09.995 NuvioTV[84819:12603482] [HomeScrollProbe] classic y=229 inset=157 residual=386
[LaunchTrace] +34421ms artwork #50: mem=0 disk=50 net=0 fail=0
2026-08-27 23:21:10.022 NuvioTV[84819:12603482] [HomeScrollProbe] classic y=250 inset=157 residual=407
2026-08-27 23:21:10.039 NuvioTV[84819:12603482] [HomeScrollProbe] classic y=261 inset=157 residual=418
2026-08-27 23:21:10.055 NuvioTV[84819:12603482] [HomeScrollProbe] classic y=271 inset=157 residual=428
2026-08-27 23:21:10.072 NuvioTV[84819:12603482] [HomeScrollProbe] classic y=280 inset=157 residual=437
2026-08-27 23:21:10.089 NuvioTV[84819:12603482] [HomeScrollProbe] classic y=289 inset=157 residual=446
2026-08-27 23:21:10.105 NuvioTV[84819:12603482] [HomeScrollProbe] classic y=296 inset=157 residual=453
2026-08-27 23:21:10.122 NuvioTV[84819:12603482] [HomeScrollProbe] classic y=303 inset=157 residual=460
2026-08-27 23:21:10.139 NuvioTV[84819:12603482] [HomeScrollProbe] classic y=309 inset=157 residual=466
2026-08-27 23:21:10.156 NuvioTV[84819:12603482] [HomeScrollProbe] classic y=314 inset=157 residual=471
2026-08-27 23:21:10.172 NuvioTV[84819:12603482] [HomeScrollProbe] classic y=319 inset=157 residual=476
2026-08-27 23:21:10.189 NuvioTV[84819:12603482] [HomeScrollProbe] classic y=323 inset=157 residual=480
2026-08-27 23:21:10.206 NuvioTV[84819:12603482] [HomeScrollProbe] classic y=327 inset=157 residual=484
2026-08-27 23:21:10.223 NuvioTV[84819:12603482] [HomeScrollProbe] classic y=330 inset=157 residual=487
2026-08-27 23:21:10.239 NuvioTV[84819:12603482] [HomeScrollProbe] classic y=334 inset=157 residual=491
2026-08-27 23:21:10.256 NuvioTV[84819:12603482] [HomeScrollProbe] classic y=336 inset=157 residual=493
2026-08-27 23:21:10.272 NuvioTV[84819:12603482] [HomeScrollProbe] classic y=339 inset=157 residual=496
2026-08-27 23:21:10.289 NuvioTV[84819:12603482] [HomeScrollProbe] classic y=341 inset=157 residual=498
2026-08-27 23:21:10.306 NuvioTV[84819:12603482] [HomeScrollProbe] classic y=343 inset=157 residual=500
2026-08-27 23:21:10.322 NuvioTV[84819:12603482] [HomeScrollProbe] classic y=345 inset=157 residual=502
2026-08-27 23:21:10.339 NuvioTV[84819:12603482] [HomeScrollProbe] classic y=347 inset=157 residual=504
2026-08-27 23:21:10.355 NuvioTV[84819:12603482] [HomeScrollProbe] classic y=348 inset=157 residual=505
2026-08-27 23:21:10.373 NuvioTV[84819:12603482] [HomeScrollProbe] classic y=350 inset=157 residual=507
2026-08-27 23:21:10.389 NuvioTV[84819:12603482] [HomeScrollProbe] classic y=351 inset=157 residual=508
2026-08-27 23:21:10.405 NuvioTV[84819:12603482] [HomeScrollProbe] classic y=352 inset=157 residual=509
2026-08-27 23:21:10.423 NuvioTV[84819:12603482] [HomeScrollProbe] classic y=353 inset=157 residual=510
2026-08-27 23:21:10.439 NuvioTV[84819:12603482] [HomeScrollProbe] classic y=354 inset=157 residual=511
2026-08-27 23:21:10.455 NuvioTV[84819:12603482] [HomeScrollProbe] classic y=355 inset=157 residual=512
2026-08-27 23:21:10.489 NuvioTV[84819:12603482] [HomeScrollProbe] classic y=356 inset=157 residual=513
2026-08-27 23:21:10.505 NuvioTV[84819:12603482] [HomeScrollProbe] classic y=357 inset=157 residual=514
2026-08-27 23:21:10.539 NuvioTV[84819:12603482] [HomeScrollProbe] classic y=358 inset=157 residual=515
2026-08-27 23:21:10.589 NuvioTV[84819:12603482] [HomeScrollProbe] classic y=359 inset=157 residual=516
2026-08-27 23:21:10.639 NuvioTV[84819:12603482] [HomeScrollProbe] classic y=360 inset=157 residual=517
2026-08-27 23:21:10.740 NuvioTV[84819:12603482] [HomeScrollProbe] classic y=361 inset=157 residual=518
2026-08-27 23:21:10.908 NuvioTV[84819:12603482] [HomeScrollProbe] classic y=362 inset=157 residual=519
2026-08-27 23:21:11.342 NuvioTV[84819:12603482] [HomeScrollProbe] classic y=367 inset=157 residual=524
2026-08-27 23:21:11.351 NuvioTV[84819:12603482] [HomeScrollProbe] classic y=382 inset=157 residual=539
2026-08-27 23:21:11.356 NuvioTV[84819:12603482] [HomeScrollProbe] classic y=394 inset=157 residual=551
2026-08-27 23:21:11.389 NuvioTV[84819:12603482] [HomeScrollProbe] classic y=417 inset=157 residual=574
2026-08-27 23:21:11.406 NuvioTV[84819:12603482] [HomeScrollProbe] classic y=449 inset=157 residual=606
2026-08-27 23:21:11.422 NuvioTV[84819:12603482] [HomeScrollProbe] classic y=480 inset=157 residual=637
2026-08-27 23:21:11.439 NuvioTV[84819:12603482] [HomeScrollProbe] classic y=508 inset=157 residual=665
2026-08-27 23:21:11.456 NuvioTV[84819:12603482] [HomeScrollProbe] classic y=533 inset=157 residual=690
2026-08-27 23:21:11.472 NuvioTV[84819:12603482] [HomeScrollProbe] classic y=555 inset=157 residual=712
2026-08-27 23:21:11.489 NuvioTV[84819:12603482] [HomeScrollProbe] classic y=576 inset=157 residual=733
2026-08-27 23:21:11.506 NuvioTV[84819:12603482] [HomeScrollProbe] classic y=594 inset=157 residual=751
2026-08-27 23:21:11.522 NuvioTV[84819:12603482] [HomeScrollProbe] classic y=610 inset=157 residual=767
2026-08-27 23:21:11.539 NuvioTV[84819:12603482] [HomeScrollProbe] classic y=625 inset=157 residual=782
2026-08-27 23:21:11.563 NuvioTV[84819:12603482] [HomeScrollProbe] classic y=645 inset=157 residual=802
2026-08-27 23:21:11.574 NuvioTV[84819:12603482] [HomeScrollProbe] classic y=651 inset=157 residual=808
2026-08-27 23:21:11.589 NuvioTV[84819:12603482] [HomeScrollProbe] classic y=661 inset=157 residual=818
2026-08-27 23:21:11.606 NuvioTV[84819:12603482] [HomeScrollProbe] classic y=671 inset=157 residual=828
2026-08-27 23:21:11.622 NuvioTV[84819:12603482] [HomeScrollProbe] classic y=679 inset=157 residual=836
2026-08-27 23:21:11.639 NuvioTV[84819:12603482] [HomeScrollProbe] classic y=687 inset=157 residual=844
2026-08-27 23:21:11.656 NuvioTV[84819:12603482] [HomeScrollProbe] classic y=694 inset=157 residual=851
2026-08-27 23:21:11.673 NuvioTV[84819:12603482] [HomeScrollProbe] classic y=701 inset=157 residual=858
2026-08-27 23:21:11.689 NuvioTV[84819:12603482] [HomeScrollProbe] classic y=706 inset=157 residual=863
2026-08-27 23:21:11.706 NuvioTV[84819:12603482] [HomeScrollProbe] classic y=711 inset=157 residual=868
2026-08-27 23:21:11.723 NuvioTV[84819:12603482] [HomeScrollProbe] classic y=716 inset=157 residual=873
2026-08-27 23:21:11.740 NuvioTV[84819:12603482] [HomeScrollProbe] classic y=720 inset=157 residual=877
2026-08-27 23:21:11.756 NuvioTV[84819:12603482] [HomeScrollProbe] classic y=724 inset=157 residual=881
2026-08-27 23:21:11.773 NuvioTV[84819:12603482] [HomeScrollProbe] classic y=727 inset=157 residual=884
2026-08-27 23:21:11.790 NuvioTV[84819:12603482] [HomeScrollProbe] classic y=730 inset=157 residual=887
2026-08-27 23:21:11.806 NuvioTV[84819:12603482] [HomeScrollProbe] classic y=733 inset=157 residual=890
2026-08-27 23:21:11.823 NuvioTV[84819:12603482] [HomeScrollProbe] classic y=735 inset=157 residual=892
2026-08-27 23:21:11.840 NuvioTV[84819:12603482] [HomeScrollProbe] classic y=738 inset=157 residual=895
2026-08-27 23:21:11.856 NuvioTV[84819:12603482] [HomeScrollProbe] classic y=740 inset=157 residual=897
2026-08-27 23:21:11.873 NuvioTV[84819:12603482] [HomeScrollProbe] classic y=741 inset=157 residual=898
2026-08-27 23:21:11.889 NuvioTV[84819:12603482] [HomeScrollProbe] classic y=743 inset=157 residual=900
2026-08-27 23:21:11.906 NuvioTV[84819:12603482] [HomeScrollProbe] classic y=744 inset=157 residual=901
2026-08-27 23:21:11.922 NuvioTV[84819:12603482] [HomeScrollProbe] classic y=746 inset=157 residual=903
2026-08-27 23:21:11.939 NuvioTV[84819:12603482] [HomeScrollProbe] classic y=747 inset=157 residual=904
2026-08-27 23:21:11.956 NuvioTV[84819:12603482] [HomeScrollProbe] classic y=748 inset=157 residual=905
2026-08-27 23:21:11.973 NuvioTV[84819:12603482] [HomeScrollProbe] classic y=749 inset=157 residual=906
2026-08-27 23:21:11.989 NuvioTV[84819:12603482] [HomeScrollProbe] classic y=750 inset=157 residual=907
2026-08-27 23:21:12.023 NuvioTV[84819:12603482] [HomeScrollProbe] classic y=751 inset=157 residual=908
2026-08-27 23:21:12.039 NuvioTV[84819:12603482] [HomeScrollProbe] classic y=752 inset=157 residual=909
2026-08-27 23:21:12.072 NuvioTV[84819:12603482] [HomeScrollProbe] classic y=753 inset=157 residual=910
2026-08-27 23:21:12.106 NuvioTV[84819:12603482] [HomeScrollProbe] classic y=754 inset=157 residual=911
2026-08-27 23:21:12.156 NuvioTV[84819:12603482] [HomeScrollProbe] classic y=755 inset=157 residual=912
2026-08-27 23:21:12.223 NuvioTV[84819:12603482] [HomeScrollProbe] classic y=756 inset=157 residual=913
2026-08-27 23:21:12.356 NuvioTV[84819:12603482] [HomeScrollProbe] classic y=757 inset=157 residual=914
2026-08-27 23:21:12.762 NuvioTV[84819:12603482] [HomeScrollProbe] REST classic y=757 inset=157 residual=914
2026-08-27 23:21:14.275 NuvioTV[84819:12603482] [HomeScrollProbe] classic y=760 inset=157 residual=917
2026-08-27 23:21:14.284 NuvioTV[84819:12603482] [HomeScrollProbe] classic y=772 inset=157 residual=929
2026-08-27 23:21:14.293 NuvioTV[84819:12603482] [HomeScrollProbe] classic y=783 inset=157 residual=940
2026-08-27 23:21:14.331 NuvioTV[84819:12603482] [HomeScrollProbe] classic y=804 inset=157 residual=961
2026-08-27 23:21:14.341 NuvioTV[84819:12603482] [HomeScrollProbe] classic y=826 inset=157 residual=983
2026-08-27 23:21:14.357 NuvioTV[84819:12603482] [HomeScrollProbe] classic y=855 inset=157 residual=1012
2026-08-27 23:21:14.374 NuvioTV[84819:12603482] [HomeScrollProbe] classic y=881 inset=157 residual=1038
2026-08-27 23:21:14.390 NuvioTV[84819:12603482] [HomeScrollProbe] classic y=905 inset=157 residual=1062
2026-08-27 23:21:14.423 NuvioTV[84819:12603482] [HomeScrollProbe] classic y=938 inset=157 residual=1095
2026-08-27 23:21:14.440 NuvioTV[84819:12603482] [HomeScrollProbe] classic y=956 inset=157 residual=1113
2026-08-27 23:21:14.457 NuvioTV[84819:12603482] [HomeScrollProbe] classic y=972 inset=157 residual=1129
2026-08-27 23:21:14.473 NuvioTV[84819:12603482] [HomeScrollProbe] classic y=986 inset=157 residual=1143
2026-08-27 23:21:14.491 NuvioTV[84819:12603482] [HomeScrollProbe] classic y=999 inset=157 residual=1156
2026-08-27 23:21:14.513 NuvioTV[84819:12603482] [HomeScrollProbe] classic y=1015 inset=157 residual=1172
2026-08-27 23:21:14.540 NuvioTV[84819:12603482] [HomeScrollProbe] classic y=1031 inset=157 residual=1188
2026-08-27 23:21:14.557 NuvioTV[84819:12603482] [HomeScrollProbe] classic y=1039 inset=157 residual=1196
2026-08-27 23:21:14.574 NuvioTV[84819:12603482] [HomeScrollProbe] classic y=1047 inset=157 residual=1204
2026-08-27 23:21:14.590 NuvioTV[84819:12603482] [HomeScrollProbe] classic y=1054 inset=157 residual=1211
2026-08-27 23:21:14.607 NuvioTV[84819:12603482] [HomeScrollProbe] classic y=1060 inset=157 residual=1217
2026-08-27 23:21:14.623 NuvioTV[84819:12603482] [HomeScrollProbe] classic y=1065 inset=157 residual=1222
2026-08-27 23:21:14.640 NuvioTV[84819:12603482] [HomeScrollProbe] classic y=1070 inset=157 residual=1227
2026-08-27 23:21:14.657 NuvioTV[84819:12603482] [HomeScrollProbe] classic y=1075 inset=157 residual=1232
2026-08-27 23:21:14.674 NuvioTV[84819:12603482] [HomeScrollProbe] classic y=1079 inset=157 residual=1236
2026-08-27 23:21:14.690 NuvioTV[84819:12603482] [HomeScrollProbe] classic y=1082 inset=157 residual=1239
2026-08-27 23:21:14.707 NuvioTV[84819:12603482] [HomeScrollProbe] classic y=1085 inset=157 residual=1242
2026-08-27 23:21:14.723 NuvioTV[84819:12603482] [HomeScrollProbe] classic y=1088 inset=157 residual=1245
2026-08-27 23:21:14.740 NuvioTV[84819:12603482] [HomeScrollProbe] classic y=1091 inset=157 residual=1248
2026-08-27 23:21:14.757 NuvioTV[84819:12603482] [HomeScrollProbe] classic y=1093 inset=157 residual=1250
2026-08-27 23:21:14.774 NuvioTV[84819:12603482] [HomeScrollProbe] classic y=1095 inset=157 residual=1252
2026-08-27 23:21:14.791 NuvioTV[84819:12603482] [HomeScrollProbe] classic y=1097 inset=157 residual=1254
2026-08-27 23:21:14.808 NuvioTV[84819:12603482] [HomeScrollProbe] classic y=1099 inset=157 residual=1256
2026-08-27 23:21:14.824 NuvioTV[84819:12603482] [HomeScrollProbe] classic y=1100 inset=157 residual=1257
2026-08-27 23:21:14.840 NuvioTV[84819:12603482] [HomeScrollProbe] classic y=1102 inset=157 residual=1259
2026-08-27 23:21:14.857 NuvioTV[84819:12603482] [HomeScrollProbe] classic y=1103 inset=157 residual=1260
2026-08-27 23:21:14.874 NuvioTV[84819:12603482] [HomeScrollProbe] classic y=1104 inset=157 residual=1261
2026-08-27 23:21:14.891 NuvioTV[84819:12603482] [HomeScrollProbe] classic y=1105 inset=157 residual=1262
2026-08-27 23:21:14.907 NuvioTV[84819:12603482] [HomeScrollProbe] classic y=1106 inset=157 residual=1263
2026-08-27 23:21:14.924 NuvioTV[84819:12603482] [HomeScrollProbe] classic y=1107 inset=157 residual=1264
2026-08-27 23:21:14.940 NuvioTV[84819:12603482] [HomeScrollProbe] classic y=1108 inset=157 residual=1265
2026-08-27 23:21:14.974 NuvioTV[84819:12603482] [HomeScrollProbe] classic y=1109 inset=157 residual=1266
2026-08-27 23:21:15.007 NuvioTV[84819:12603482] [HomeScrollProbe] classic y=1110 inset=157 residual=1267
2026-08-27 23:21:15.040 NuvioTV[84819:12603482] [HomeScrollProbe] classic y=1111 inset=157 residual=1268
2026-08-27 23:21:15.091 NuvioTV[84819:12603482] [HomeScrollProbe] classic y=1112 inset=157 residual=1269
2026-08-27 23:21:15.158 NuvioTV[84819:12603482] [HomeScrollProbe] classic y=1113 inset=157 residual=1270
2026-08-27 23:21:15.292 NuvioTV[84819:12603482] [HomeScrollProbe] classic y=1114 inset=157 residual=1271
2026-08-27 23:21:15.712 NuvioTV[84819:12603482] [HomeScrollProbe] REST classic y=1114 inset=157 residual=1271
2026-08-27 23:21:15.831 NuvioTV[84819:12603482] [HomeScrollProbe] classic y=1118 inset=157 residual=1275
2026-08-27 23:21:15.848 NuvioTV[84819:12603482] [HomeScrollProbe] classic y=1131 inset=157 residual=1288
2026-08-27 23:21:15.861 NuvioTV[84819:12603482] [HomeScrollProbe] classic y=1154 inset=157 residual=1311
2026-08-27 23:21:15.910 NuvioTV[84819:12603482] [HomeScrollProbe] classic y=1188 inset=157 residual=1345
2026-08-27 23:21:15.926 NuvioTV[84819:12603482] [HomeScrollProbe] classic y=1229 inset=157 residual=1386
2026-08-27 23:21:15.944 NuvioTV[84819:12603482] [HomeScrollProbe] classic y=1271 inset=157 residual=1428
2026-08-27 23:21:15.960 NuvioTV[84819:12603482] [HomeScrollProbe] classic y=1307 inset=157 residual=1464
2026-08-27 23:21:15.978 NuvioTV[84819:12603482] [HomeScrollProbe] classic y=1342 inset=157 residual=1499
2026-08-27 23:21:15.993 NuvioTV[84819:12603482] [HomeScrollProbe] classic y=1367 inset=157 residual=1524
2026-08-27 23:21:16.009 NuvioTV[84819:12603482] [HomeScrollProbe] classic y=1395 inset=157 residual=1552
2026-08-27 23:21:16.026 NuvioTV[84819:12603482] [HomeScrollProbe] classic y=1418 inset=157 residual=1575
2026-08-27 23:21:16.042 NuvioTV[84819:12603482] [HomeScrollProbe] classic y=1439 inset=157 residual=1596
2026-08-27 23:21:16.079 NuvioTV[84819:12603482] [HomeScrollProbe] classic y=1470 inset=157 residual=1627
2026-08-27 23:21:16.093 NuvioTV[84819:12603482] [HomeScrollProbe] classic y=1482 inset=157 residual=1639
2026-08-27 23:21:16.109 NuvioTV[84819:12603482] [HomeScrollProbe] classic y=1497 inset=157 residual=1654
2026-08-27 23:21:16.125 NuvioTV[84819:12603482] [HomeScrollProbe] classic y=1510 inset=157 residual=1667
2026-08-27 23:21:16.144 NuvioTV[84819:12603482] [HomeScrollProbe] classic y=1521 inset=157 residual=1678
2026-08-27 23:21:16.164 NuvioTV[84819:12603482] [HomeScrollProbe] classic y=1535 inset=157 residual=1692
2026-08-27 23:21:16.178 NuvioTV[84819:12603482] [HomeScrollProbe] classic y=1542 inset=157 residual=1699
[LaunchTrace] +40594ms artwork #100: mem=0 disk=100 net=0 fail=0
2026-08-27 23:21:16.211 NuvioTV[84819:12603482] [HomeScrollProbe] classic y=1558 inset=157 residual=1715
2026-08-27 23:21:16.226 NuvioTV[84819:12603482] [HomeScrollProbe] classic y=1564 inset=157 residual=1721
2026-08-27 23:21:16.242 NuvioTV[84819:12603482] [HomeScrollProbe] classic y=1570 inset=157 residual=1727
2026-08-27 23:21:16.259 NuvioTV[84819:12603482] [HomeScrollProbe] classic y=1576 inset=157 residual=1733
2026-08-27 23:21:16.276 NuvioTV[84819:12603482] [HomeScrollProbe] classic y=1581 inset=157 residual=1738
2026-08-27 23:21:16.291 NuvioTV[84819:12603482] [HomeScrollProbe] classic y=1585 inset=157 residual=1742
2026-08-27 23:21:16.308 NuvioTV[84819:12603482] [HomeScrollProbe] classic y=1589 inset=157 residual=1746
2026-08-27 23:21:16.325 NuvioTV[84819:12603482] [HomeScrollProbe] classic y=1593 inset=157 residual=1750
2026-08-27 23:21:16.341 NuvioTV[84819:12603482] [HomeScrollProbe] classic y=1596 inset=157 residual=1753
2026-08-27 23:21:16.359 NuvioTV[84819:12603482] [HomeScrollProbe] classic y=1599 inset=157 residual=1756
2026-08-27 23:21:16.375 NuvioTV[84819:12603482] [HomeScrollProbe] classic y=1601 inset=157 residual=1758
2026-08-27 23:21:16.391 NuvioTV[84819:12603482] [HomeScrollProbe] classic y=1604 inset=157 residual=1761
2026-08-27 23:21:16.408 NuvioTV[84819:12603482] [HomeScrollProbe] classic y=1606 inset=157 residual=1763
2026-08-27 23:21:16.425 NuvioTV[84819:12603482] [HomeScrollProbe] classic y=1608 inset=157 residual=1765
2026-08-27 23:21:16.443 NuvioTV[84819:12603482] [HomeScrollProbe] classic y=1609 inset=157 residual=1766
2026-08-27 23:21:16.460 NuvioTV[84819:12603482] [HomeScrollProbe] classic y=1611 inset=157 residual=1768
2026-08-27 23:21:16.475 NuvioTV[84819:12603482] [HomeScrollProbe] classic y=1612 inset=157 residual=1769
2026-08-27 23:21:16.494 NuvioTV[84819:12603482] [HomeScrollProbe] classic y=1614 inset=157 residual=1771
2026-08-27 23:21:16.507 NuvioTV[84819:12603482] [HomeScrollProbe] classic y=1615 inset=157 residual=1772
2026-08-27 23:21:16.524 NuvioTV[84819:12603482] [HomeScrollProbe] classic y=1616 inset=157 residual=1773
2026-08-27 23:21:16.541 NuvioTV[84819:12603482] [HomeScrollProbe] classic y=1617 inset=157 residual=1774
2026-08-27 23:21:16.574 NuvioTV[84819:12603482] [HomeScrollProbe] classic y=1618 inset=157 residual=1775
2026-08-27 23:21:16.590 NuvioTV[84819:12603482] [HomeScrollProbe] classic y=1619 inset=157 residual=1776
2026-08-27 23:21:16.623 NuvioTV[84819:12603482] [HomeScrollProbe] classic y=1620 inset=157 residual=1777
2026-08-27 23:21:16.657 NuvioTV[84819:12603482] [HomeScrollProbe] classic y=1621 inset=157 residual=1778
2026-08-27 23:21:16.690 NuvioTV[84819:12603482] [HomeScrollProbe] classic y=1622 inset=157 residual=1779
2026-08-27 23:21:16.757 NuvioTV[84819:12603482] [HomeScrollProbe] classic y=1623 inset=157 residual=1780
2026-08-27 23:21:16.841 NuvioTV[84819:12603482] [HomeScrollProbe] classic y=1624 inset=157 residual=1781
2026-08-27 23:21:17.008 NuvioTV[84819:12603482] [HomeScrollProbe] classic y=1625 inset=157 residual=1782
2026-08-27 23:21:17.442 NuvioTV[84819:12603482] [HomeScrollProbe] classic y=1635 inset=157 residual=1792
2026-08-27 23:21:17.461 NuvioTV[84819:12603482] [HomeScrollProbe] classic y=1655 inset=157 residual=1812
2026-08-27 23:21:17.478 NuvioTV[84819:12603482] [HomeScrollProbe] classic y=1685 inset=157 residual=1842
2026-08-27 23:21:17.493 NuvioTV[84819:12603482] [HomeScrollProbe] classic y=1725 inset=157 residual=1882
2026-08-27 23:21:17.510 NuvioTV[84819:12603482] [HomeScrollProbe] classic y=1767 inset=157 residual=1924
2026-08-27 23:21:17.526 NuvioTV[84819:12603482] [HomeScrollProbe] classic y=1805 inset=157 residual=1962
2026-08-27 23:21:17.547 NuvioTV[84819:12603482] [HomeScrollProbe] classic y=1850 inset=157 residual=2007
2026-08-27 23:21:17.560 NuvioTV[84819:12603482] [HomeScrollProbe] classic y=1873 inset=157 residual=2030
2026-08-27 23:21:17.576 NuvioTV[84819:12603482] [HomeScrollProbe] classic y=1900 inset=157 residual=2057
2026-08-27 23:21:17.593 NuvioTV[84819:12603482] [HomeScrollProbe] classic y=1925 inset=157 residual=2082
2026-08-27 23:21:17.609 NuvioTV[84819:12603482] [HomeScrollProbe] classic y=1947 inset=157 residual=2104
2026-08-27 23:21:17.626 NuvioTV[84819:12603482] [HomeScrollProbe] classic y=1967 inset=157 residual=2124
2026-08-27 23:21:17.643 NuvioTV[84819:12603482] [HomeScrollProbe] classic y=1986 inset=157 residual=2143
2026-08-27 23:21:17.659 NuvioTV[84819:12603482] [HomeScrollProbe] classic y=2002 inset=157 residual=2159
2026-08-27 23:21:17.693 NuvioTV[84819:12603482] [HomeScrollProbe] classic y=2028 inset=157 residual=2185
2026-08-27 23:21:17.711 NuvioTV[84819:12603482] [HomeScrollProbe] classic y=2040 inset=157 residual=2197
2026-08-27 23:21:17.729 NuvioTV[84819:12603482] [HomeScrollProbe] classic y=2053 inset=157 residual=2210
2026-08-27 23:21:17.762 NuvioTV[84819:12603482] [HomeScrollProbe] classic y=2071 inset=157 residual=2228
2026-08-27 23:21:17.775 NuvioTV[84819:12603482] [HomeScrollProbe] classic y=2077 inset=157 residual=2234
2026-08-27 23:21:17.791 NuvioTV[84819:12603482] [HomeScrollProbe] classic y=2084 inset=157 residual=2241
2026-08-27 23:21:17.808 NuvioTV[84819:12603482] [HomeScrollProbe] classic y=2090 inset=157 residual=2247
2026-08-27 23:21:17.825 NuvioTV[84819:12603482] [HomeScrollProbe] classic y=2096 inset=157 residual=2253
2026-08-27 23:21:17.845 NuvioTV[84819:12603482] [HomeScrollProbe] classic y=2102 inset=157 residual=2259
2026-08-27 23:21:17.858 NuvioTV[84819:12603482] [HomeScrollProbe] classic y=2106 inset=157 residual=2263
2026-08-27 23:21:17.874 NuvioTV[84819:12603482] [HomeScrollProbe] classic y=2110 inset=157 residual=2267
2026-08-27 23:21:17.891 NuvioTV[84819:12603482] [HomeScrollProbe] classic y=2114 inset=157 residual=2271
2026-08-27 23:21:17.925 NuvioTV[84819:12603482] [HomeScrollProbe] classic y=2120 inset=157 residual=2277
2026-08-27 23:21:17.941 NuvioTV[84819:12603482] [HomeScrollProbe] classic y=2123 inset=157 residual=2280
2026-08-27 23:21:17.957 NuvioTV[84819:12603482] [HomeScrollProbe] classic y=2125 inset=157 residual=2282
2026-08-27 23:21:17.975 NuvioTV[84819:12603482] [HomeScrollProbe] classic y=2128 inset=157 residual=2285
2026-08-27 23:21:17.991 NuvioTV[84819:12603482] [HomeScrollProbe] classic y=2130 inset=157 residual=2287
2026-08-27 23:21:18.008 NuvioTV[84819:12603482] [HomeScrollProbe] classic y=2131 inset=157 residual=2288
2026-08-27 23:21:18.024 NuvioTV[84819:12603482] [HomeScrollProbe] classic y=2133 inset=157 residual=2290
2026-08-27 23:21:18.053 NuvioTV[84819:12603482] [HomeScrollProbe] classic y=2135 inset=157 residual=2292
2026-08-27 23:21:18.056 NuvioTV[84819:12603482] [HomeScrollProbe] classic y=2136 inset=157 residual=2293
2026-08-27 23:21:18.074 NuvioTV[84819:12603482] [HomeScrollProbe] classic y=2137 inset=157 residual=2294
2026-08-27 23:21:18.090 NuvioTV[84819:12603482] [HomeScrollProbe] classic y=2138 inset=157 residual=2295
2026-08-27 23:21:18.107 NuvioTV[84819:12603482] [HomeScrollProbe] classic y=2139 inset=157 residual=2296
2026-08-27 23:21:18.124 NuvioTV[84819:12603482] [HomeScrollProbe] classic y=2140 inset=157 residual=2297
2026-08-27 23:21:18.175 NuvioTV[84819:12603482] [HomeScrollProbe] classic y=2142 inset=157 residual=2299
2026-08-27 23:21:18.207 NuvioTV[84819:12603482] [HomeScrollProbe] classic y=2143 inset=157 residual=2300
2026-08-27 23:21:18.240 NuvioTV[84819:12603482] [HomeScrollProbe] classic y=2144 inset=157 residual=2301
2026-08-27 23:21:18.290 NuvioTV[84819:12603482] [HomeScrollProbe] classic y=2145 inset=157 residual=2302
2026-08-27 23:21:18.302 NuvioTV[84819:12603861] [TrailerExtract] client=android_vr NO streamingData (playability=LOGIN_REQUIRED reason=Sign in to confirm you’re not a bot)
2026-08-27 23:21:18.358 NuvioTV[84819:12603482] [HomeScrollProbe] classic y=2146 inset=157 residual=2303
2026-08-27 23:21:18.435 NuvioTV[84819:12604366] [TrailerExtract] client=android video=s0PGrtw0X1Q hls=false formats=1 adaptive=25 sdKeys=expiresInSeconds,formats,adaptiveFormats,serverAbrStreamingUrl,metadataFormats
2026-08-27 23:21:18.490 NuvioTV[84819:12603482] [HomeScrollProbe] classic y=2147 inset=157 residual=2304
2026-08-27 23:21:18.581 NuvioTV[84819:12604395] [TrailerExtract] client=ios video=s0PGrtw0X1Q hls=false formats=0 adaptive=23 sdKeys=expiresInSeconds,adaptiveFormats,aspectRatio,serverAbrStreamingUrl,metadataFormats
2026-08-27 23:21:18.583 NuvioTV[84819:12604395] [TrailerExtract] selection: manifest=none progressive=360 (manifests collected=0)
2026-08-27 23:21:18.584 NuvioTV[84819:12604395] [TrailerExtract] repack candidates: avcVideo=1080p avc1.640028 (android) m4aAudio=mp4a.40.2 (android)
2026-08-27 23:21:18.896 NuvioTV[84819:12603482] [HomeScrollProbe] REST classic y=2147 inset=157 residual=2304
2026-08-27 23:21:18.978 NuvioTV[84819:12603482] [HomeScrollProbe] classic y=2151 inset=157 residual=2308
2026-08-27 23:21:19.007 NuvioTV[84819:12603482] [HomeScrollProbe] classic y=2164 inset=157 residual=2321
2026-08-27 23:21:19.030 NuvioTV[84819:12603482] [HomeScrollProbe] classic y=2188 inset=157 residual=2345
2026-08-27 23:21:19.043 NuvioTV[84819:12603482] [HomeScrollProbe] classic y=2221 inset=157 residual=2378
2026-08-27 23:21:19.061 NuvioTV[84819:12603482] [HomeScrollProbe] classic y=2264 inset=157 residual=2421
2026-08-27 23:21:19.078 NuvioTV[84819:12603482] [HomeScrollProbe] classic y=2305 inset=157 residual=2462
2026-08-27 23:21:19.094 NuvioTV[84819:12603482] [HomeScrollProbe] classic y=2342 inset=157 residual=2499
2026-08-27 23:21:19.111 NuvioTV[84819:12603482] [HomeScrollProbe] classic y=2375 inset=157 residual=2532
2026-08-27 23:21:19.129 NuvioTV[84819:12603482] [HomeScrollProbe] classic y=2406 inset=157 residual=2563
2026-08-27 23:21:19.144 NuvioTV[84819:12603482] [HomeScrollProbe] classic y=2431 inset=157 residual=2588
2026-08-27 23:21:19.160 NuvioTV[84819:12603482] [HomeScrollProbe] classic y=2455 inset=157 residual=2612
2026-08-27 23:21:19.180 NuvioTV[84819:12603482] [HomeScrollProbe] classic y=2481 inset=157 residual=2638
2026-08-27 23:21:19.193 NuvioTV[84819:12603482] [HomeScrollProbe] classic y=2496 inset=157 residual=2653
2026-08-27 23:21:19.209 NuvioTV[84819:12603482] [HomeScrollProbe] classic y=2514 inset=157 residual=2671
2026-08-27 23:21:19.232 NuvioTV[84819:12603482] [HomeScrollProbe] classic y=2530 inset=157 residual=2687
2026-08-27 23:21:19.243 NuvioTV[84819:12603482] [HomeScrollProbe] classic y=2543 inset=157 residual=2700
2026-08-27 23:21:19.260 NuvioTV[84819:12603482] [HomeScrollProbe] classic y=2557 inset=157 residual=2714
2026-08-27 23:21:19.290 NuvioTV[84819:12603482] [HomeScrollProbe] classic y=2570 inset=157 residual=2727
2026-08-27 23:21:19.304 NuvioTV[84819:12603482] [HomeScrollProbe] classic y=2585 inset=157 residual=2742
2026-08-27 23:21:19.313 NuvioTV[84819:12603482] [HomeScrollProbe] classic y=2589 inset=157 residual=2746
2026-08-27 23:21:19.344 NuvioTV[84819:12603482] [HomeScrollProbe] classic y=2604 inset=157 residual=2761
2026-08-27 23:21:19.356 NuvioTV[84819:12604366] [TrailerExtract] repack decision: avc=1080p vs progressive=360p -> ELIGIBLE
2026-08-27 23:21:19.361 NuvioTV[84819:12603482] [HomeScrollProbe] classic y=2610 inset=157 residual=2767
2026-08-27 23:21:19.378 NuvioTV[84819:12603482] [HomeScrollProbe] classic y=2616 inset=157 residual=2773
2026-08-27 23:21:19.393 NuvioTV[84819:12603482] [HomeScrollProbe] classic y=2621 inset=157 residual=2778
2026-08-27 23:21:19.410 NuvioTV[84819:12603482] [HomeScrollProbe] classic y=2626 inset=157 residual=2783
2026-08-27 23:21:19.425 NuvioTV[84819:12603482] [HomeScrollProbe] classic y=2630 inset=157 residual=2787
2026-08-27 23:21:19.442 NuvioTV[84819:12603482] [HomeScrollProbe] classic y=2634 inset=157 residual=2791
2026-08-27 23:21:19.458 NuvioTV[84819:12603482] [HomeScrollProbe] classic y=2638 inset=157 residual=2795
2026-08-27 23:21:19.476 NuvioTV[84819:12603482] [HomeScrollProbe] classic y=2641 inset=157 residual=2798
2026-08-27 23:21:19.492 NuvioTV[84819:12603482] [HomeScrollProbe] classic y=2644 inset=157 residual=2801
2026-08-27 23:21:19.508 NuvioTV[84819:12603482] [HomeScrollProbe] classic y=2647 inset=157 residual=2804
2026-08-27 23:21:19.525 NuvioTV[84819:12603482] [HomeScrollProbe] classic y=2649 inset=157 residual=2806
2026-08-27 23:21:19.542 NuvioTV[84819:12603482] [HomeScrollProbe] classic y=2651 inset=157 residual=2808
2026-08-27 23:21:19.560 NuvioTV[84819:12603482] [HomeScrollProbe] classic y=2653 inset=157 residual=2810
2026-08-27 23:21:19.574 NuvioTV[84819:12603482] [HomeScrollProbe] classic y=2654 inset=157 residual=2811
2026-08-27 23:21:19.591 NuvioTV[84819:12603482] [HomeScrollProbe] classic y=2656 inset=157 residual=2813
2026-08-27 23:21:19.608 NuvioTV[84819:12603482] [HomeScrollProbe] classic y=2657 inset=157 residual=2814
2026-08-27 23:21:19.627 NuvioTV[84819:12603482] [HomeScrollProbe] classic y=2659 inset=157 residual=2816
2026-08-27 23:21:19.640 NuvioTV[84819:12603482] [HomeScrollProbe] classic y=2660 inset=157 residual=2817
2026-08-27 23:21:19.657 NuvioTV[84819:12603482] [HomeScrollProbe] classic y=2661 inset=157 residual=2818
2026-08-27 23:21:19.673 NuvioTV[84819:12603482] [HomeScrollProbe] classic y=2662 inset=157 residual=2819
2026-08-27 23:21:19.707 NuvioTV[84819:12603482] [HomeScrollProbe] classic y=2663 inset=157 residual=2820
2026-08-27 23:21:19.723 NuvioTV[84819:12603482] [HomeScrollProbe] classic y=2664 inset=157 residual=2821
2026-08-27 23:21:19.757 NuvioTV[84819:12603482] [HomeScrollProbe] classic y=2665 inset=157 residual=2822
2026-08-27 23:21:19.790 NuvioTV[84819:12603482] [HomeScrollProbe] classic y=2666 inset=157 residual=2823
2026-08-27 23:21:19.823 NuvioTV[84819:12603482] [HomeScrollProbe] classic y=2667 inset=157 residual=2824
2026-08-27 23:21:19.901 NuvioTV[84819:12603482] [HomeScrollProbe] classic y=2668 inset=157 residual=2825
2026-08-27 23:21:19.974 NuvioTV[84819:12603482] [HomeScrollProbe] classic y=2669 inset=157 residual=2826
2026-08-27 23:21:19.992 NuvioTV[84819:12604658] [TrailerRepack] serving 1920x1080 avc1+mp4a (16+9 segments) at http://127.0.0.1:8230/47868cbfa3ebb3671992396d387d2ab3/master.m3u8
2026-08-27 23:21:20.147 NuvioTV[84819:12603482] [HomeScrollProbe] classic y=2670 inset=157 residual=2827
2026-08-27 23:21:20.573 NuvioTV[84819:12603482] [HomeScrollProbe] REST classic y=2670 inset=157 residual=2827
2026-08-27 23:21:20.579 NuvioTV[84819:12603482] [HomeScrollProbe] classic y=2680 inset=157 residual=2837
2026-08-27 23:21:20.594 NuvioTV[84819:12603482] [HomeScrollProbe] classic y=2700 inset=157 residual=2857
2026-08-27 23:21:20.615 NuvioTV[84819:12603482] [HomeScrollProbe] classic y=2730 inset=157 residual=2887
2026-08-27 23:21:20.627 NuvioTV[84819:12603482] [HomeScrollProbe] classic y=2762 inset=157 residual=2919
2026-08-27 23:21:20.646 NuvioTV[84819:12603482] [HomeScrollProbe] classic y=2805 inset=157 residual=2962
2026-08-27 23:21:20.662 NuvioTV[84819:12603482] [HomeScrollProbe] classic y=2844 inset=157 residual=3001
2026-08-27 23:21:20.677 NuvioTV[84819:12603482] [HomeScrollProbe] classic y=2877 inset=157 residual=3034
2026-08-27 23:21:20.694 NuvioTV[84819:12603482] [HomeScrollProbe] classic y=2908 inset=157 residual=3065
2026-08-27 23:21:20.711 NuvioTV[84819:12603482] [HomeScrollProbe] classic y=2937 inset=157 residual=3094
2026-08-27 23:21:20.728 NuvioTV[84819:12603482] [HomeScrollProbe] classic y=2963 inset=157 residual=3120
2026-08-27 23:21:20.744 NuvioTV[84819:12603482] [HomeScrollProbe] classic y=2986 inset=157 residual=3143
2026-08-27 23:21:20.761 NuvioTV[84819:12603482] [HomeScrollProbe] classic y=3006 inset=157 residual=3163
2026-08-27 23:21:20.778 NuvioTV[84819:12603482] [HomeScrollProbe] classic y=3025 inset=157 residual=3182
2026-08-27 23:21:20.798 NuvioTV[84819:12603482] [HomeScrollProbe] classic y=3046 inset=157 residual=3203
2026-08-27 23:21:20.810 NuvioTV[84819:12603482] [HomeScrollProbe] classic y=3056 inset=157 residual=3213
2026-08-27 23:21:20.827 NuvioTV[84819:12603482] [HomeScrollProbe] classic y=3071 inset=157 residual=3228
2026-08-27 23:21:20.843 NuvioTV[84819:12603482] [HomeScrollProbe] classic y=3083 inset=157 residual=3240
2026-08-27 23:21:20.864 NuvioTV[84819:12603482] [HomeScrollProbe] classic y=3095 inset=157 residual=3252
2026-08-27 23:21:20.886 NuvioTV[84819:12603482] [HomeScrollProbe] classic y=3107 inset=157 residual=3264
2026-08-27 23:21:20.895 NuvioTV[84819:12603482] [HomeScrollProbe] classic y=3114 inset=157 residual=3271
2026-08-27 23:21:20.928 NuvioTV[84819:12603482] [HomeScrollProbe] classic y=3128 inset=157 residual=3285
2026-08-27 23:21:20.943 NuvioTV[84819:12603482] [HomeScrollProbe] classic y=3135 inset=157 residual=3292
2026-08-27 23:21:20.959 NuvioTV[84819:12603482] [HomeScrollProbe] classic y=3140 inset=157 residual=3297
2026-08-27 23:21:20.980 NuvioTV[84819:12603482] [HomeScrollProbe] classic y=3146 inset=157 residual=3303
2026-08-27 23:21:20.995 NuvioTV[84819:12603482] [HomeScrollProbe] classic y=3151 inset=157 residual=3308
2026-08-27 23:21:21.010 NuvioTV[84819:12603482] [HomeScrollProbe] classic y=3155 inset=157 residual=3312
2026-08-27 23:21:21.027 NuvioTV[84819:12603482] [HomeScrollProbe] classic y=3158 inset=157 residual=3315
2026-08-27 23:21:21.043 NuvioTV[84819:12603482] [HomeScrollProbe] classic y=3162 inset=157 residual=3319
2026-08-27 23:21:21.060 NuvioTV[84819:12603482] [HomeScrollProbe] classic y=3165 inset=157 residual=3322
2026-08-27 23:21:21.077 NuvioTV[84819:12603482] [HomeScrollProbe] classic y=3168 inset=157 residual=3325
2026-08-27 23:21:21.094 NuvioTV[84819:12603482] [HomeScrollProbe] classic y=3170 inset=157 residual=3327
2026-08-27 23:21:21.110 NuvioTV[84819:12603482] [HomeScrollProbe] classic y=3173 inset=157 residual=3330
2026-08-27 23:21:21.127 NuvioTV[84819:12603482] [HomeScrollProbe] classic y=3175 inset=157 residual=3332
2026-08-27 23:21:21.144 NuvioTV[84819:12603482] [HomeScrollProbe] classic y=3176 inset=157 residual=3333
2026-08-27 23:21:21.160 NuvioTV[84819:12603482] [HomeScrollProbe] classic y=3178 inset=157 residual=3335
2026-08-27 23:21:21.176 NuvioTV[84819:12603482] [HomeScrollProbe] classic y=3179 inset=157 residual=3336
2026-08-27 23:21:21.193 NuvioTV[84819:12603482] [HomeScrollProbe] classic y=3181 inset=157 residual=3338
2026-08-27 23:21:21.210 NuvioTV[84819:12603482] [HomeScrollProbe] classic y=3182 inset=157 residual=3339
2026-08-27 23:21:21.226 NuvioTV[84819:12603482] [HomeScrollProbe] classic y=3183 inset=157 residual=3340
2026-08-27 23:21:21.243 NuvioTV[84819:12603482] [HomeScrollProbe] classic y=3184 inset=157 residual=3341
2026-08-27 23:21:21.257 NuvioTV[84819:12603482] [HomeScrollProbe] classic y=3185 inset=157 residual=3342
2026-08-27 23:21:21.291 NuvioTV[84819:12603482] [HomeScrollProbe] classic y=3186 inset=157 residual=3343
2026-08-27 23:21:21.307 NuvioTV[84819:12603482] [HomeScrollProbe] classic y=3187 inset=157 residual=3344
2026-08-27 23:21:21.340 NuvioTV[84819:12603482] [HomeScrollProbe] classic y=3188 inset=157 residual=3345
2026-08-27 23:21:21.373 NuvioTV[84819:12603482] [HomeScrollProbe] classic y=3189 inset=157 residual=3346
2026-08-27 23:21:21.418 NuvioTV[84819:12603861] [TrailerExtract] client=android_vr NO streamingData (playability=LOGIN_REQUIRED reason=Sign in to confirm you’re not a bot)
2026-08-27 23:21:21.424 NuvioTV[84819:12603482] [HomeScrollProbe] classic y=3190 inset=157 residual=3347
2026-08-27 23:21:21.490 NuvioTV[84819:12603482] [HomeScrollProbe] classic y=3191 inset=157 residual=3348
2026-08-27 23:21:21.561 NuvioTV[84819:12604396] [TrailerExtract] client=android video=A207HN4bRJM hls=false formats=1 adaptive=31 sdKeys=expiresInSeconds,formats,adaptiveFormats,serverAbrStreamingUrl,metadataFormats
2026-08-27 23:21:21.623 NuvioTV[84819:12603482] [HomeScrollProbe] classic y=3192 inset=157 residual=3349
2026-08-27 23:21:21.801 NuvioTV[84819:12604400] [TrailerExtract] client=ios video=A207HN4bRJM hls=false formats=0 adaptive=28 sdKeys=expiresInSeconds,adaptiveFormats,aspectRatio,serverAbrStreamingUrl,metadataFormats
2026-08-27 23:21:21.803 NuvioTV[84819:12604400] [TrailerExtract] selection: manifest=none progressive=360 (manifests collected=0)
2026-08-27 23:21:21.803 NuvioTV[84819:12604400] [TrailerExtract] repack candidates: avcVideo=1080p avc1.640028 (android) m4aAudio=mp4a.40.2 (android)
2026-08-27 23:21:22.025 NuvioTV[84819:12603482] [HomeScrollProbe] REST classic y=3192 inset=157 residual=3349
2026-08-27 23:21:22.681 NuvioTV[84819:12604401] [TrailerExtract] repack decision: avc=1080p vs progressive=360p -> ELIGIBLE
2026-08-27 23:21:23.571 NuvioTV[84819:12604365] [TrailerRepack] serving 1920x1080 avc1+mp4a (27+14 segments) at http://127.0.0.1:8230/958e2241af8c51636d1ebb1537caa326/master.m3u8
2026-08-27 23:21:25.310 NuvioTV[84819:12603482] [HomeScrollProbe] classic y=3182 inset=157 residual=3339
2026-08-27 23:21:25.327 NuvioTV[84819:12603482] [HomeScrollProbe] classic y=3166 inset=157 residual=3323
2026-08-27 23:21:25.343 NuvioTV[84819:12603482] [HomeScrollProbe] classic y=3151 inset=157 residual=3308
2026-08-27 23:21:25.368 NuvioTV[84819:12603482] [HomeScrollProbe] classic y=3131 inset=157 residual=3288
2026-08-27 23:21:25.376 NuvioTV[84819:12603482] [HomeScrollProbe] classic y=3126 inset=157 residual=3283
2026-08-27 23:21:25.394 NuvioTV[84819:12603482] [HomeScrollProbe] classic y=3114 inset=157 residual=3271
2026-08-27 23:21:25.410 NuvioTV[84819:12603482] [HomeScrollProbe] classic y=3104 inset=157 residual=3261
2026-08-27 23:21:25.426 NuvioTV[84819:12603482] [HomeScrollProbe] classic y=3095 inset=157 residual=3252
2026-08-27 23:21:25.443 NuvioTV[84819:12603482] [HomeScrollProbe] classic y=3087 inset=157 residual=3244
2026-08-27 23:21:25.459 NuvioTV[84819:12603482] [HomeScrollProbe] classic y=3080 inset=157 residual=3237
2026-08-27 23:21:25.475 NuvioTV[84819:12603482] [HomeScrollProbe] classic y=3074 inset=157 residual=3231
2026-08-27 23:21:25.492 NuvioTV[84819:12603482] [HomeScrollProbe] classic y=3068 inset=157 residual=3225
2026-08-27 23:21:25.509 NuvioTV[84819:12603482] [HomeScrollProbe] classic y=3063 inset=157 residual=3220
2026-08-27 23:21:25.528 NuvioTV[84819:12603482] [HomeScrollProbe] classic y=3057 inset=157 residual=3214
2026-08-27 23:21:25.543 NuvioTV[84819:12603482] [HomeScrollProbe] classic y=3054 inset=157 residual=3211
2026-08-27 23:21:25.559 NuvioTV[84819:12603482] [HomeScrollProbe] classic y=3050 inset=157 residual=3207
2026-08-27 23:21:25.576 NuvioTV[84819:12603482] [HomeScrollProbe] classic y=3047 inset=157 residual=3204
2026-08-27 23:21:25.593 NuvioTV[84819:12603482] [HomeScrollProbe] classic y=3044 inset=157 residual=3201
2026-08-27 23:21:25.610 NuvioTV[84819:12603482] [HomeScrollProbe] classic y=3041 inset=157 residual=3198
2026-08-27 23:21:25.626 NuvioTV[84819:12603482] [HomeScrollProbe] classic y=3038 inset=157 residual=3195
2026-08-27 23:21:25.643 NuvioTV[84819:12603482] [HomeScrollProbe] classic y=3036 inset=157 residual=3193
2026-08-27 23:21:25.660 NuvioTV[84819:12603482] [HomeScrollProbe] classic y=3034 inset=157 residual=3191
2026-08-27 23:21:25.676 NuvioTV[84819:12603482] [HomeScrollProbe] classic y=3032 inset=157 residual=3189
2026-08-27 23:21:25.691 NuvioTV[84819:12603482] [HomeScrollProbe] classic y=3031 inset=157 residual=3188
2026-08-27 23:21:25.708 NuvioTV[84819:12603482] [HomeScrollProbe] classic y=3029 inset=157 residual=3186
2026-08-27 23:21:25.723 NuvioTV[84819:12603482] [HomeScrollProbe] classic y=3028 inset=157 residual=3185
2026-08-27 23:21:25.739 NuvioTV[84819:12603482] [HomeScrollProbe] classic y=3027 inset=157 residual=3184
2026-08-27 23:21:25.756 NuvioTV[84819:12603482] [HomeScrollProbe] classic y=3026 inset=157 residual=3183
2026-08-27 23:21:25.773 NuvioTV[84819:12603482] [HomeScrollProbe] classic y=3025 inset=157 residual=3182
2026-08-27 23:21:25.807 NuvioTV[84819:12603482] [HomeScrollProbe] classic y=3023 inset=157 residual=3180
2026-08-27 23:21:25.823 NuvioTV[84819:12603482] [HomeScrollProbe] classic y=3022 inset=157 residual=3179
2026-08-27 23:21:25.857 NuvioTV[84819:12603482] [HomeScrollProbe] classic y=3021 inset=157 residual=3178
2026-08-27 23:21:25.890 NuvioTV[84819:12603482] [HomeScrollProbe] classic y=3020 inset=157 residual=3177
2026-08-27 23:21:25.940 NuvioTV[84819:12603482] [HomeScrollProbe] classic y=3019 inset=157 residual=3176
2026-08-27 23:21:25.992 NuvioTV[84819:12603482] [HomeScrollProbe] classic y=3018 inset=157 residual=3175
2026-08-27 23:21:26.091 NuvioTV[84819:12603482] [HomeScrollProbe] classic y=3017 inset=157 residual=3174
2026-08-27 23:21:26.242 NuvioTV[84819:12603482] [HomeScrollProbe] classic y=3016 inset=157 residual=3173
2026-08-27 23:21:26.646 NuvioTV[84819:12603482] [HomeScrollProbe] REST classic y=3016 inset=157 residual=3173
2026-08-27 23:21:26.900 NuvioTV[84819:12603482] [HomeScrollProbe] classic y=3009 inset=157 residual=3166
2026-08-27 23:21:26.941 NuvioTV[84819:12603482] [HomeScrollProbe] classic y=2993 inset=157 residual=3150
2026-08-27 23:21:26.982 NuvioTV[84819:12603482] [HomeScrollProbe] classic y=2966 inset=157 residual=3123
2026-08-27 23:21:26.995 NuvioTV[84819:12603482] [HomeScrollProbe] classic y=2930 inset=157 residual=3087
2026-08-27 23:21:27.012 NuvioTV[84819:12603482] [HomeScrollProbe] classic y=2884 inset=157 residual=3041
2026-08-27 23:21:27.027 NuvioTV[84819:12603482] [HomeScrollProbe] classic y=2847 inset=157 residual=3004
2026-08-27 23:21:27.046 NuvioTV[84819:12603482] [HomeScrollProbe] classic y=2809 inset=157 residual=2966
2026-08-27 23:21:27.063 NuvioTV[84819:12603482] [HomeScrollProbe] classic y=2776 inset=157 residual=2933
2026-08-27 23:21:27.079 NuvioTV[84819:12603482] [HomeScrollProbe] classic y=2747 inset=157 residual=2904
2026-08-27 23:21:27.095 NuvioTV[84819:12603482] [HomeScrollProbe] classic y=2722 inset=157 residual=2879
2026-08-27 23:21:27.112 NuvioTV[84819:12603482] [HomeScrollProbe] classic y=2699 inset=157 residual=2856
2026-08-27 23:21:27.131 NuvioTV[84819:12603482] [HomeScrollProbe] classic y=2675 inset=157 residual=2832
2026-08-27 23:21:27.144 NuvioTV[84819:12603482] [HomeScrollProbe] classic y=2660 inset=157 residual=2817
2026-08-27 23:21:27.170 NuvioTV[84819:12603482] [HomeScrollProbe] classic y=2635 inset=157 residual=2792
2026-08-27 23:21:27.178 NuvioTV[84819:12603482] [HomeScrollProbe] classic y=2627 inset=157 residual=2784
2026-08-27 23:21:27.195 NuvioTV[84819:12603482] [HomeScrollProbe] classic y=2614 inset=157 residual=2771
2026-08-27 23:21:27.230 NuvioTV[84819:12603482] [HomeScrollProbe] classic y=2591 inset=157 residual=2748
2026-08-27 23:21:27.244 NuvioTV[84819:12603482] [HomeScrollProbe] classic y=2583 inset=157 residual=2740
2026-08-27 23:21:27.261 NuvioTV[84819:12603482] [HomeScrollProbe] classic y=2573 inset=157 residual=2730
2026-08-27 23:21:27.278 NuvioTV[84819:12603482] [HomeScrollProbe] classic y=2565 inset=157 residual=2722
2026-08-27 23:21:27.294 NuvioTV[84819:12603482] [HomeScrollProbe] classic y=2558 inset=157 residual=2715
2026-08-27 23:21:27.310 NuvioTV[84819:12603482] [HomeScrollProbe] classic y=2552 inset=157 residual=2709
2026-08-27 23:21:27.328 NuvioTV[84819:12603482] [HomeScrollProbe] classic y=2545 inset=157 residual=2702
2026-08-27 23:21:27.342 NuvioTV[84819:12603482] [HomeScrollProbe] classic y=2541 inset=157 residual=2698
2026-08-27 23:21:27.358 NuvioTV[84819:12603482] [HomeScrollProbe] classic y=2536 inset=157 residual=2693
2026-08-27 23:21:27.375 NuvioTV[84819:12603482] [HomeScrollProbe] classic y=2532 inset=157 residual=2689
2026-08-27 23:21:27.391 NuvioTV[84819:12603482] [HomeScrollProbe] classic y=2528 inset=157 residual=2685
2026-08-27 23:21:27.407 NuvioTV[84819:12603482] [HomeScrollProbe] classic y=2525 inset=157 residual=2682
2026-08-27 23:21:27.425 NuvioTV[84819:12603482] [HomeScrollProbe] classic y=2522 inset=157 residual=2679
2026-08-27 23:21:27.441 NuvioTV[84819:12603482] [HomeScrollProbe] classic y=2519 inset=157 residual=2676
2026-08-27 23:21:27.458 NuvioTV[84819:12603482] [HomeScrollProbe] classic y=2516 inset=157 residual=2673
2026-08-27 23:21:27.475 NuvioTV[84819:12603482] [HomeScrollProbe] classic y=2514 inset=157 residual=2671
2026-08-27 23:21:27.492 NuvioTV[84819:12603482] [HomeScrollProbe] classic y=2512 inset=157 residual=2669
2026-08-27 23:21:27.508 NuvioTV[84819:12603482] [HomeScrollProbe] classic y=2510 inset=157 residual=2667
2026-08-27 23:21:27.527 NuvioTV[84819:12603482] [HomeScrollProbe] classic y=2508 inset=157 residual=2665
2026-08-27 23:21:27.540 NuvioTV[84819:12603482] [HomeScrollProbe] classic y=2507 inset=157 residual=2664
2026-08-27 23:21:27.557 NuvioTV[84819:12603482] [HomeScrollProbe] classic y=2506 inset=157 residual=2663
2026-08-27 23:21:27.574 NuvioTV[84819:12603482] [HomeScrollProbe] classic y=2505 inset=157 residual=2662
2026-08-27 23:21:27.590 NuvioTV[84819:12603482] [HomeScrollProbe] classic y=2503 inset=157 residual=2660
2026-08-27 23:21:27.623 NuvioTV[84819:12603482] [HomeScrollProbe] classic y=2502 inset=157 residual=2659
2026-08-27 23:21:27.640 NuvioTV[84819:12603482] [HomeScrollProbe] classic y=2501 inset=157 residual=2658
2026-08-27 23:21:27.657 NuvioTV[84819:12603482] [HomeScrollProbe] classic y=2500 inset=157 residual=2657
2026-08-27 23:21:27.674 NuvioTV[84819:12603482] [HomeScrollProbe] classic y=2499 inset=157 residual=2656
2026-08-27 23:21:27.708 NuvioTV[84819:12603482] [HomeScrollProbe] classic y=2498 inset=157 residual=2655
2026-08-27 23:21:27.741 NuvioTV[84819:12603482] [HomeScrollProbe] classic y=2497 inset=157 residual=2654
2026-08-27 23:21:27.791 NuvioTV[84819:12603482] [HomeScrollProbe] classic y=2496 inset=157 residual=2653
2026-08-27 23:21:27.873 NuvioTV[84819:12603482] [HomeScrollProbe] classic y=2495 inset=157 residual=2652
2026-08-27 23:21:27.993 NuvioTV[84819:12603482] [HomeScrollProbe] classic y=2494 inset=157 residual=2651
2026-08-27 23:21:28.418 NuvioTV[84819:12603482] [HomeScrollProbe] classic y=2490 inset=157 residual=2647
2026-08-27 23:21:28.442 NuvioTV[84819:12603482] [HomeScrollProbe] classic y=2477 inset=157 residual=2634
2026-08-27 23:21:28.482 NuvioTV[84819:12603482] [HomeScrollProbe] classic y=2453 inset=157 residual=2610
2026-08-27 23:21:28.495 NuvioTV[84819:12603482] [HomeScrollProbe] classic y=2420 inset=157 residual=2577
2026-08-27 23:21:28.513 NuvioTV[84819:12603482] [HomeScrollProbe] classic y=2377 inset=157 residual=2534
2026-08-27 23:21:28.545 NuvioTV[84819:12603482] [HomeScrollProbe] classic y=2323 inset=157 residual=2480
2026-08-27 23:21:28.561 NuvioTV[84819:12603482] [HomeScrollProbe] classic y=2288 inset=157 residual=2445
2026-08-27 23:21:28.577 NuvioTV[84819:12603482] [HomeScrollProbe] classic y=2256 inset=157 residual=2413
2026-08-27 23:21:28.594 NuvioTV[84819:12603482] [HomeScrollProbe] classic y=2226 inset=157 residual=2383
2026-08-27 23:21:28.611 NuvioTV[84819:12603482] [HomeScrollProbe] classic y=2200 inset=157 residual=2357
2026-08-27 23:21:28.628 NuvioTV[84819:12603482] [HomeScrollProbe] classic y=2177 inset=157 residual=2334
2026-08-27 23:21:28.647 NuvioTV[84819:12603482] [HomeScrollProbe] classic y=2153 inset=157 residual=2310
2026-08-27 23:21:28.667 NuvioTV[84819:12603482] [HomeScrollProbe] classic y=2130 inset=157 residual=2287
2026-08-27 23:21:28.678 NuvioTV[84819:12603482] [HomeScrollProbe] classic y=2120 inset=157 residual=2277
2026-08-27 23:21:28.695 NuvioTV[84819:12603482] [HomeScrollProbe] classic y=2105 inset=157 residual=2262
2026-08-27 23:21:28.712 NuvioTV[84819:12603482] [HomeScrollProbe] classic y=2092 inset=157 residual=2249
2026-08-27 23:21:28.726 NuvioTV[84819:12603482] [HomeScrollProbe] classic y=2081 inset=157 residual=2238
2026-08-27 23:21:28.743 NuvioTV[84819:12603482] [HomeScrollProbe] classic y=2070 inset=157 residual=2227
2026-08-27 23:21:28.763 NuvioTV[84819:12603482] [HomeScrollProbe] classic y=2058 inset=157 residual=2215
2026-08-27 23:21:28.776 NuvioTV[84819:12603482] [HomeScrollProbe] classic y=2051 inset=157 residual=2208
2026-08-27 23:21:28.801 NuvioTV[84819:12603482] [HomeScrollProbe] classic y=2043 inset=157 residual=2200
2026-08-27 23:21:28.819 NuvioTV[84819:12603482] [HomeScrollProbe] classic y=2031 inset=157 residual=2188
2026-08-27 23:21:28.826 NuvioTV[84819:12603482] [HomeScrollProbe] classic y=2029 inset=157 residual=2186
2026-08-27 23:21:28.844 NuvioTV[84819:12603482] [HomeScrollProbe] classic y=2023 inset=157 residual=2180
2026-08-27 23:21:28.858 NuvioTV[84819:12603482] [HomeScrollProbe] classic y=2019 inset=157 residual=2176
2026-08-27 23:21:28.875 NuvioTV[84819:12603482] [HomeScrollProbe] classic y=2014 inset=157 residual=2171
2026-08-27 23:21:28.891 NuvioTV[84819:12603482] [HomeScrollProbe] classic y=2010 inset=157 residual=2167
2026-08-27 23:21:28.908 NuvioTV[84819:12603482] [HomeScrollProbe] classic y=2006 inset=157 residual=2163
2026-08-27 23:21:28.925 NuvioTV[84819:12603482] [HomeScrollProbe] classic y=2002 inset=157 residual=2159
2026-08-27 23:21:28.928 NuvioTV[84819:12603846] [TrailerExtract] client=android_vr NO streamingData (playability=LOGIN_REQUIRED reason=Sign in to confirm you’re not a bot)
2026-08-27 23:21:28.958 NuvioTV[84819:12603482] [HomeScrollProbe] classic y=1996 inset=157 residual=2153
2026-08-27 23:21:28.975 NuvioTV[84819:12603482] [HomeScrollProbe] classic y=1994 inset=157 residual=2151
2026-08-27 23:21:28.991 NuvioTV[84819:12603482] [HomeScrollProbe] classic y=1991 inset=157 residual=2148
2026-08-27 23:21:29.008 NuvioTV[84819:12603482] [HomeScrollProbe] classic y=1989 inset=157 residual=2146
2026-08-27 23:21:29.027 NuvioTV[84819:12603482] [HomeScrollProbe] classic y=1987 inset=157 residual=2144
2026-08-27 23:21:29.041 NuvioTV[84819:12603482] [HomeScrollProbe] classic y=1986 inset=157 residual=2143
2026-08-27 23:21:29.057 NuvioTV[84819:12603482] [HomeScrollProbe] classic y=1984 inset=157 residual=2141
2026-08-27 23:21:29.074 NuvioTV[84819:12603482] [HomeScrollProbe] classic y=1983 inset=157 residual=2140
2026-08-27 23:21:29.090 NuvioTV[84819:12603482] [HomeScrollProbe] classic y=1982 inset=157 residual=2139
2026-08-27 23:21:29.103 NuvioTV[84819:12604366] [TrailerExtract] client=android video=QASwXRDVBVY hls=false formats=1 adaptive=28 sdKeys=expiresInSeconds,formats,adaptiveFormats,serverAbrStreamingUrl,metadataFormats
2026-08-27 23:21:29.107 NuvioTV[84819:12603482] [HomeScrollProbe] classic y=1981 inset=157 residual=2138
2026-08-27 23:21:29.124 NuvioTV[84819:12603482] [HomeScrollProbe] classic y=1980 inset=157 residual=2137
2026-08-27 23:21:29.141 NuvioTV[84819:12603482] [HomeScrollProbe] classic y=1979 inset=157 residual=2136
2026-08-27 23:21:29.157 NuvioTV[84819:12603482] [HomeScrollProbe] classic y=1978 inset=157 residual=2135
2026-08-27 23:21:29.191 NuvioTV[84819:12603482] [HomeScrollProbe] classic y=1977 inset=157 residual=2134
2026-08-27 23:21:29.208 NuvioTV[84819:12603482] [HomeScrollProbe] classic y=1976 inset=157 residual=2133
2026-08-27 23:21:29.241 NuvioTV[84819:12603482] [HomeScrollProbe] classic y=1975 inset=157 residual=2132
2026-08-27 23:21:29.243 NuvioTV[84819:12604401] [TrailerExtract] client=ios video=QASwXRDVBVY hls=false formats=0 adaptive=28 sdKeys=expiresInSeconds,adaptiveFormats,aspectRatio,serverAbrStreamingUrl,metadataFormats
2026-08-27 23:21:29.246 NuvioTV[84819:12604401] [TrailerExtract] selection: manifest=none progressive=360 (manifests collected=0)
2026-08-27 23:21:29.246 NuvioTV[84819:12604401] [TrailerExtract] repack candidates: avcVideo=1080p avc1.640028 (android) m4aAudio=mp4a.40.2 (android)
2026-08-27 23:21:29.291 NuvioTV[84819:12603482] [HomeScrollProbe] classic y=1974 inset=157 residual=2131
2026-08-27 23:21:29.341 NuvioTV[84819:12603482] [HomeScrollProbe] classic y=1973 inset=157 residual=2130
2026-08-27 23:21:29.441 NuvioTV[84819:12603482] [HomeScrollProbe] classic y=1972 inset=157 residual=2129
2026-08-27 23:21:29.594 NuvioTV[84819:12603482] [HomeScrollProbe] classic y=1971 inset=157 residual=2128
2026-08-27 23:21:30.007 NuvioTV[84819:12603482] [HomeScrollProbe] REST classic y=1971 inset=157 residual=2128
2026-08-27 23:21:30.025 NuvioTV[84819:12603482] [HomeScrollProbe] classic y=1961 inset=157 residual=2118
2026-08-27 23:21:30.045 NuvioTV[84819:12603482] [HomeScrollProbe] classic y=1941 inset=157 residual=2098
2026-08-27 23:21:30.061 NuvioTV[84819:12603482] [HomeScrollProbe] classic y=1911 inset=157 residual=2068
2026-08-27 23:21:30.078 NuvioTV[84819:12603482] [HomeScrollProbe] classic y=1880 inset=157 residual=2037
2026-08-27 23:21:30.094 NuvioTV[84819:12603482] [HomeScrollProbe] classic y=1853 inset=157 residual=2010
2026-08-27 23:21:30.111 NuvioTV[84819:12603482] [HomeScrollProbe] classic y=1828 inset=157 residual=1985
2026-08-27 23:21:30.128 NuvioTV[84819:12603482] [HomeScrollProbe] classic y=1806 inset=157 residual=1963
2026-08-27 23:21:30.144 NuvioTV[84819:12603482] [HomeScrollProbe] classic y=1787 inset=157 residual=1944
2026-08-27 23:21:30.161 NuvioTV[84819:12603482] [HomeScrollProbe] classic y=1769 inset=157 residual=1926
2026-08-27 23:21:30.178 NuvioTV[84819:12603482] [HomeScrollProbe] classic y=1754 inset=157 residual=1911
2026-08-27 23:21:30.193 NuvioTV[84819:12603482] [HomeScrollProbe] classic y=1740 inset=157 residual=1897
2026-08-27 23:21:30.210 NuvioTV[84819:12603482] [HomeScrollProbe] classic y=1727 inset=157 residual=1884
2026-08-27 23:21:30.229 NuvioTV[84819:12603482] [HomeScrollProbe] classic y=1714 inset=157 residual=1871
2026-08-27 23:21:30.245 NuvioTV[84819:12603482] [HomeScrollProbe] classic y=1705 inset=157 residual=1862
2026-08-27 23:21:30.261 NuvioTV[84819:12603482] [HomeScrollProbe] classic y=1696 inset=157 residual=1853
2026-08-27 23:21:30.279 NuvioTV[84819:12603482] [HomeScrollProbe] classic y=1687 inset=157 residual=1844
2026-08-27 23:21:30.294 NuvioTV[84819:12603482] [HomeScrollProbe] classic y=1680 inset=157 residual=1837
2026-08-27 23:21:30.311 NuvioTV[84819:12603482] [HomeScrollProbe] classic y=1673 inset=157 residual=1830
2026-08-27 23:21:30.326 NuvioTV[84819:12603846] [TrailerExtract] repack decision: avc=1080p vs progressive=360p -> ELIGIBLE
2026-08-27 23:21:30.344 NuvioTV[84819:12603482] [HomeScrollProbe] classic y=1662 inset=157 residual=1819
2026-08-27 23:21:30.361 NuvioTV[84819:12603482] [HomeScrollProbe] classic y=1657 inset=157 residual=1814
2026-08-27 23:21:30.377 NuvioTV[84819:12603482] [HomeScrollProbe] classic y=1653 inset=157 residual=1810
2026-08-27 23:21:30.394 NuvioTV[84819:12603482] [HomeScrollProbe] classic y=1649 inset=157 residual=1806
2026-08-27 23:21:30.408 NuvioTV[84819:12603482] [HomeScrollProbe] classic y=1646 inset=157 residual=1803
2026-08-27 23:21:30.425 NuvioTV[84819:12603482] [HomeScrollProbe] classic y=1643 inset=157 residual=1800
2026-08-27 23:21:30.441 NuvioTV[84819:12603482] [HomeScrollProbe] classic y=1640 inset=157 residual=1797
2026-08-27 23:21:30.457 NuvioTV[84819:12603482] [HomeScrollProbe] classic y=1637 inset=157 residual=1794
2026-08-27 23:21:30.474 NuvioTV[84819:12603482] [HomeScrollProbe] classic y=1635 inset=157 residual=1792
2026-08-27 23:21:30.491 NuvioTV[84819:12603482] [HomeScrollProbe] classic y=1633 inset=157 residual=1790
2026-08-27 23:21:30.508 NuvioTV[84819:12603482] [HomeScrollProbe] classic y=1631 inset=157 residual=1788
2026-08-27 23:21:30.524 NuvioTV[84819:12603482] [HomeScrollProbe] classic y=1629 inset=157 residual=1786
2026-08-27 23:21:30.541 NuvioTV[84819:12603482] [HomeScrollProbe] classic y=1628 inset=157 residual=1785
2026-08-27 23:21:30.558 NuvioTV[84819:12603482] [HomeScrollProbe] classic y=1626 inset=157 residual=1783
2026-08-27 23:21:30.575 NuvioTV[84819:12603482] [HomeScrollProbe] classic y=1625 inset=157 residual=1782
2026-08-27 23:21:30.591 NuvioTV[84819:12603482] [HomeScrollProbe] classic y=1624 inset=157 residual=1781
2026-08-27 23:21:30.607 NuvioTV[84819:12603482] [HomeScrollProbe] classic y=1623 inset=157 residual=1780
2026-08-27 23:21:30.624 NuvioTV[84819:12603482] [HomeScrollProbe] classic y=1622 inset=157 residual=1779
2026-08-27 23:21:30.640 NuvioTV[84819:12603482] [HomeScrollProbe] classic y=1621 inset=157 residual=1778
2026-08-27 23:21:30.674 NuvioTV[84819:12603482] [HomeScrollProbe] classic y=1620 inset=157 residual=1777
2026-08-27 23:21:30.690 NuvioTV[84819:12603482] [HomeScrollProbe] classic y=1619 inset=157 residual=1776
2026-08-27 23:21:30.724 NuvioTV[84819:12603482] [HomeScrollProbe] classic y=1618 inset=157 residual=1775
2026-08-27 23:21:30.774 NuvioTV[84819:12603482] [HomeScrollProbe] classic y=1617 inset=157 residual=1774
2026-08-27 23:21:30.825 NuvioTV[84819:12603482] [HomeScrollProbe] classic y=1616 inset=157 residual=1773
2026-08-27 23:21:30.839 NuvioTV[84819:12603861] [TrailerRepack] serving 1920x1080 avc1+mp4a (26+15 segments) at http://127.0.0.1:8230/277b9801f96409f57e2b26b61863b529/master.m3u8
2026-08-27 23:21:30.924 NuvioTV[84819:12603482] [HomeScrollProbe] classic y=1615 inset=157 residual=1772
2026-08-27 23:21:31.091 NuvioTV[84819:12603482] [HomeScrollProbe] classic y=1614 inset=157 residual=1771
2026-08-27 23:21:31.510 NuvioTV[84819:12603482] [HomeScrollProbe] REST classic y=1614 inset=157 residual=1771
2026-08-27 23:21:31.591 NuvioTV[84819:12603482] [HomeScrollProbe] classic y=1604 inset=157 residual=1761
2026-08-27 23:21:31.607 NuvioTV[84819:12603482] [HomeScrollProbe] classic y=1584 inset=157 residual=1741
2026-08-27 23:21:31.624 NuvioTV[84819:12603482] [HomeScrollProbe] classic y=1554 inset=157 residual=1711
2026-08-27 23:21:31.641 NuvioTV[84819:12603482] [HomeScrollProbe] classic y=1522 inset=157 residual=1679
2026-08-27 23:21:31.657 NuvioTV[84819:12603482] [HomeScrollProbe] classic y=1492 inset=157 residual=1649
2026-08-27 23:21:31.673 NuvioTV[84819:12603482] [HomeScrollProbe] classic y=1466 inset=157 residual=1623
2026-08-27 23:21:31.690 NuvioTV[84819:12603482] [HomeScrollProbe] classic y=1442 inset=157 residual=1599
2026-08-27 23:21:31.707 NuvioTV[84819:12603482] [HomeScrollProbe] classic y=1421 inset=157 residual=1578
2026-08-27 23:21:31.723 NuvioTV[84819:12603482] [HomeScrollProbe] classic y=1402 inset=157 residual=1559
2026-08-27 23:21:31.740 NuvioTV[84819:12603482] [HomeScrollProbe] classic y=1385 inset=157 residual=1542
2026-08-27 23:21:31.757 NuvioTV[84819:12603482] [HomeScrollProbe] classic y=1369 inset=157 residual=1526
2026-08-27 23:21:31.774 NuvioTV[84819:12603482] [HomeScrollProbe] classic y=1355 inset=157 residual=1512
2026-08-27 23:21:31.806 NuvioTV[84819:12603482] [HomeScrollProbe] classic y=1331 inset=157 residual=1488
2026-08-27 23:21:31.823 NuvioTV[84819:12603482] [HomeScrollProbe] classic y=1321 inset=157 residual=1478
2026-08-27 23:21:31.840 NuvioTV[84819:12603482] [HomeScrollProbe] classic y=1312 inset=157 residual=1469
2026-08-27 23:21:31.857 NuvioTV[84819:12603482] [HomeScrollProbe] classic y=1304 inset=157 residual=1461
2026-08-27 23:21:31.873 NuvioTV[84819:12603482] [HomeScrollProbe] classic y=1297 inset=157 residual=1454
2026-08-27 23:21:31.890 NuvioTV[84819:12603482] [HomeScrollProbe] classic y=1290 inset=157 residual=1447
2026-08-27 23:21:31.908 NuvioTV[84819:12603482] [HomeScrollProbe] classic y=1284 inset=157 residual=1441
2026-08-27 23:21:31.924 NuvioTV[84819:12603482] [HomeScrollProbe] classic y=1279 inset=157 residual=1436
2026-08-27 23:21:31.941 NuvioTV[84819:12603482] [HomeScrollProbe] classic y=1274 inset=157 residual=1431
2026-08-27 23:21:31.957 NuvioTV[84819:12603482] [HomeScrollProbe] classic y=1270 inset=157 residual=1427
2026-08-27 23:21:31.974 NuvioTV[84819:12603482] [HomeScrollProbe] classic y=1266 inset=157 residual=1423
2026-08-27 23:21:31.991 NuvioTV[84819:12603482] [HomeScrollProbe] classic y=1262 inset=157 residual=1419
2026-08-27 23:21:32.007 NuvioTV[84819:12603482] [HomeScrollProbe] classic y=1259 inset=157 residual=1416
2026-08-27 23:21:32.024 NuvioTV[84819:12603482] [HomeScrollProbe] classic y=1256 inset=157 residual=1413
2026-08-27 23:21:32.041 NuvioTV[84819:12603482] [HomeScrollProbe] classic y=1254 inset=157 residual=1411
2026-08-27 23:21:32.057 NuvioTV[84819:12603482] [HomeScrollProbe] classic y=1251 inset=157 residual=1408
2026-08-27 23:21:32.074 NuvioTV[84819:12603482] [HomeScrollProbe] classic y=1249 inset=157 residual=1406
2026-08-27 23:21:32.091 NuvioTV[84819:12603482] [HomeScrollProbe] classic y=1247 inset=157 residual=1404
2026-08-27 23:21:32.106 NuvioTV[84819:12603482] [HomeScrollProbe] classic y=1246 inset=157 residual=1403
2026-08-27 23:21:32.123 NuvioTV[84819:12603482] [HomeScrollProbe] classic y=1244 inset=157 residual=1401
2026-08-27 23:21:32.140 NuvioTV[84819:12603482] [HomeScrollProbe] classic y=1243 inset=157 residual=1400
2026-08-27 23:21:32.157 NuvioTV[84819:12603482] [HomeScrollProbe] classic y=1242 inset=157 residual=1399
2026-08-27 23:21:32.174 NuvioTV[84819:12603482] [HomeScrollProbe] classic y=1241 inset=157 residual=1398
2026-08-27 23:21:32.190 NuvioTV[84819:12603482] [HomeScrollProbe] classic y=1240 inset=157 residual=1397
2026-08-27 23:21:32.207 NuvioTV[84819:12603482] [HomeScrollProbe] classic y=1239 inset=157 residual=1396
2026-08-27 23:21:32.223 NuvioTV[84819:12603482] [HomeScrollProbe] classic y=1238 inset=157 residual=1395
2026-08-27 23:21:32.240 NuvioTV[84819:12603482] [HomeScrollProbe] classic y=1237 inset=157 residual=1394
2026-08-27 23:21:32.274 NuvioTV[84819:12603482] [HomeScrollProbe] classic y=1236 inset=157 residual=1393
2026-08-27 23:21:32.291 NuvioTV[84819:12603482] [HomeScrollProbe] classic y=1235 inset=157 residual=1392
2026-08-27 23:21:32.341 NuvioTV[84819:12603482] [HomeScrollProbe] classic y=1234 inset=157 residual=1391
2026-08-27 23:21:32.374 NuvioTV[84819:12603482] [HomeScrollProbe] classic y=1233 inset=157 residual=1390
2026-08-27 23:21:32.457 NuvioTV[84819:12603482] [HomeScrollProbe] classic y=1232 inset=157 residual=1389
2026-08-27 23:21:32.591 NuvioTV[84819:12603482] [HomeScrollProbe] classic y=1231 inset=157 residual=1388
2026-08-27 23:21:33.011 NuvioTV[84819:12603482] [HomeScrollProbe] REST classic y=1231 inset=157 residual=1388
2026-08-27 23:21:33.144 NuvioTV[84819:12603482] [HomeScrollProbe] classic y=1228 inset=157 residual=1385
2026-08-27 23:21:33.157 NuvioTV[84819:12603482] [HomeScrollProbe] classic y=1216 inset=157 residual=1373
2026-08-27 23:21:33.207 NuvioTV[84819:12603482] [HomeScrollProbe] classic y=1193 inset=157 residual=1350
2026-08-27 23:21:33.224 NuvioTV[84819:12603482] [HomeScrollProbe] classic y=1160 inset=157 residual=1317
2026-08-27 23:21:33.241 NuvioTV[84819:12603482] [HomeScrollProbe] classic y=1128 inset=157 residual=1285
2026-08-27 23:21:33.257 NuvioTV[84819:12603482] [HomeScrollProbe] classic y=1098 inset=157 residual=1255
2026-08-27 23:21:33.275 NuvioTV[84819:12603482] [HomeScrollProbe] classic y=1072 inset=157 residual=1229
2026-08-27 23:21:33.291 NuvioTV[84819:12603482] [HomeScrollProbe] classic y=1048 inset=157 residual=1205
2026-08-27 23:21:33.307 NuvioTV[84819:12603482] [HomeScrollProbe] classic y=1027 inset=157 residual=1184
2026-08-27 23:21:33.324 NuvioTV[84819:12603482] [HomeScrollProbe] classic y=1007 inset=157 residual=1164
2026-08-27 23:21:33.340 NuvioTV[84819:12603482] [HomeScrollProbe] classic y=990 inset=157 residual=1147
2026-08-27 23:21:33.356 NuvioTV[84819:12603482] [HomeScrollProbe] classic y=975 inset=157 residual=1132
2026-08-27 23:21:33.377 NuvioTV[84819:12603482] [HomeScrollProbe] classic y=957 inset=157 residual=1114
2026-08-27 23:21:33.389 NuvioTV[84819:12603482] [HomeScrollProbe] classic y=948 inset=157 residual=1105
2026-08-27 23:21:33.406 NuvioTV[84819:12603482] [HomeScrollProbe] classic y=937 inset=157 residual=1094
2026-08-27 23:21:33.423 NuvioTV[84819:12603482] [HomeScrollProbe] classic y=926 inset=157 residual=1083
2026-08-27 23:21:33.440 NuvioTV[84819:12603482] [HomeScrollProbe] classic y=917 inset=157 residual=1074
2026-08-27 23:21:33.456 NuvioTV[84819:12603482] [HomeScrollProbe] classic y=909 inset=157 residual=1066
2026-08-27 23:21:33.473 NuvioTV[84819:12603482] [HomeScrollProbe] classic y=902 inset=157 residual=1059
2026-08-27 23:21:33.490 NuvioTV[84819:12603482] [HomeScrollProbe] classic y=895 inset=157 residual=1052
2026-08-27 23:21:33.528 NuvioTV[84819:12603482] [HomeScrollProbe] classic y=889 inset=157 residual=1046
2026-08-27 23:21:33.539 NuvioTV[84819:12603482] [HomeScrollProbe] classic y=878 inset=157 residual=1035
2026-08-27 23:21:33.556 NuvioTV[84819:12603482] [HomeScrollProbe] classic y=874 inset=157 residual=1031
2026-08-27 23:21:33.573 NuvioTV[84819:12603482] [HomeScrollProbe] classic y=870 inset=157 residual=1027
2026-08-27 23:21:33.589 NuvioTV[84819:12603482] [HomeScrollProbe] classic y=867 inset=157 residual=1024
2026-08-27 23:21:33.606 NuvioTV[84819:12603482] [HomeScrollProbe] classic y=863 inset=157 residual=1020
2026-08-27 23:21:33.623 NuvioTV[84819:12603482] [HomeScrollProbe] classic y=861 inset=157 residual=1018
2026-08-27 23:21:33.657 NuvioTV[84819:12603482] [HomeScrollProbe] classic y=856 inset=157 residual=1013
2026-08-27 23:21:33.673 NuvioTV[84819:12603482] [HomeScrollProbe] classic y=854 inset=157 residual=1011
2026-08-27 23:21:33.690 NuvioTV[84819:12603482] [HomeScrollProbe] classic y=852 inset=157 residual=1009
2026-08-27 23:21:33.707 NuvioTV[84819:12603482] [HomeScrollProbe] classic y=850 inset=157 residual=1007
2026-08-27 23:21:33.723 NuvioTV[84819:12603482] [HomeScrollProbe] classic y=849 inset=157 residual=1006
2026-08-27 23:21:33.740 NuvioTV[84819:12603482] [HomeScrollProbe] classic y=847 inset=157 residual=1004
2026-08-27 23:21:33.757 NuvioTV[84819:12603482] [HomeScrollProbe] classic y=846 inset=157 residual=1003
2026-08-27 23:21:33.774 NuvioTV[84819:12603482] [HomeScrollProbe] classic y=845 inset=157 residual=1002
2026-08-27 23:21:33.790 NuvioTV[84819:12603482] [HomeScrollProbe] classic y=844 inset=157 residual=1001
2026-08-27 23:21:33.807 NuvioTV[84819:12603482] [HomeScrollProbe] classic y=843 inset=157 residual=1000
2026-08-27 23:21:33.824 NuvioTV[84819:12603482] [HomeScrollProbe] classic y=842 inset=157 residual=999
2026-08-27 23:21:33.857 NuvioTV[84819:12603482] [HomeScrollProbe] classic y=841 inset=157 residual=998
2026-08-27 23:21:33.874 NuvioTV[84819:12603482] [HomeScrollProbe] classic y=840 inset=157 residual=997
2026-08-27 23:21:33.906 NuvioTV[84819:12603482] [HomeScrollProbe] classic y=839 inset=157 residual=996
2026-08-27 23:21:33.956 NuvioTV[84819:12603482] [HomeScrollProbe] classic y=838 inset=157 residual=995
2026-08-27 23:21:34.006 NuvioTV[84819:12603482] [HomeScrollProbe] classic y=837 inset=157 residual=994
2026-08-27 23:21:34.106 NuvioTV[84819:12603482] [HomeScrollProbe] classic y=836 inset=157 residual=993
2026-08-27 23:21:34.274 NuvioTV[84819:12603482] [HomeScrollProbe] classic y=835 inset=157 residual=992
2026-08-27 23:21:34.728 NuvioTV[84819:12603482] [HomeScrollProbe] REST classic y=835 inset=157 residual=992
2026-08-27 23:21:34.732 NuvioTV[84819:12603482] [HomeScrollProbe] classic y=825 inset=157 residual=982
2026-08-27 23:21:34.756 NuvioTV[84819:12603482] [HomeScrollProbe] classic y=805 inset=157 residual=962
2026-08-27 23:21:34.773 NuvioTV[84819:12603482] [HomeScrollProbe] classic y=775 inset=157 residual=932
2026-08-27 23:21:34.790 NuvioTV[84819:12603482] [HomeScrollProbe] classic y=735 inset=157 residual=892
2026-08-27 23:21:34.807 NuvioTV[84819:12603482] [HomeScrollProbe] classic y=685 inset=157 residual=842
2026-08-27 23:21:34.823 NuvioTV[84819:12603482] [HomeScrollProbe] classic y=625 inset=157 residual=782
2026-08-27 23:21:34.840 NuvioTV[84819:12603482] [HomeScrollProbe] classic y=555 inset=157 residual=712
2026-08-27 23:21:34.856 NuvioTV[84819:12603482] [HomeScrollProbe] classic y=484 inset=157 residual=641
2026-08-27 23:21:34.873 NuvioTV[84819:12603482] [HomeScrollProbe] classic y=419 inset=157 residual=576
2026-08-27 23:21:34.890 NuvioTV[84819:12603482] [HomeScrollProbe] classic y=361 inset=157 residual=518
2026-08-27 23:21:34.906 NuvioTV[84819:12603482] [HomeScrollProbe] classic y=309 inset=157 residual=466
2026-08-27 23:21:34.923 NuvioTV[84819:12603482] [HomeScrollProbe] classic y=262 inset=157 residual=419
2026-08-27 23:21:34.939 NuvioTV[84819:12603482] [HomeScrollProbe] classic y=220 inset=157 residual=377
2026-08-27 23:21:34.955 NuvioTV[84819:12603482] [HomeScrollProbe] classic y=182 inset=157 residual=339
2026-08-27 23:21:34.972 NuvioTV[84819:12603482] [HomeScrollProbe] classic y=148 inset=157 residual=305
2026-08-27 23:21:34.989 NuvioTV[84819:12603482] [HomeScrollProbe] classic y=118 inset=157 residual=275
2026-08-27 23:21:35.005 NuvioTV[84819:12603482] [HomeScrollProbe] classic y=90 inset=157 residual=247
2026-08-27 23:21:35.022 NuvioTV[84819:12603482] [HomeScrollProbe] classic y=65 inset=157 residual=222
2026-08-27 23:21:35.039 NuvioTV[84819:12603482] [HomeScrollProbe] classic y=43 inset=157 residual=200
2026-08-27 23:21:35.055 NuvioTV[84819:12603482] [HomeScrollProbe] classic y=23 inset=157 residual=180
2026-08-27 23:21:35.072 NuvioTV[84819:12603482] [HomeScrollProbe] classic y=4 inset=157 residual=161
2026-08-27 23:21:35.088 NuvioTV[84819:12603482] [HomeScrollProbe] classic y=-13 inset=157 residual=145
2026-08-27 23:21:35.105 NuvioTV[84819:12603482] [HomeScrollProbe] classic y=-27 inset=157 residual=130
2026-08-27 23:21:35.122 NuvioTV[84819:12603482] [HomeScrollProbe] classic y=-40 inset=157 residual=117
2026-08-27 23:21:35.155 NuvioTV[84819:12603482] [HomeScrollProbe] classic y=-63 inset=157 residual=94
2026-08-27 23:21:35.172 NuvioTV[84819:12603482] [HomeScrollProbe] classic y=-73 inset=157 residual=85
2026-08-27 23:21:35.188 NuvioTV[84819:12603482] [HomeScrollProbe] classic y=-81 inset=157 residual=76
2026-08-27 23:21:35.206 NuvioTV[84819:12603482] [HomeScrollProbe] classic y=-89 inset=157 residual=69
2026-08-27 23:21:35.222 NuvioTV[84819:12603482] [HomeScrollProbe] classic y=-96 inset=157 residual=62
2026-08-27 23:21:35.239 NuvioTV[84819:12603482] [HomeScrollProbe] classic y=-102 inset=157 residual=56
2026-08-27 23:21:35.255 NuvioTV[84819:12603482] [HomeScrollProbe] classic y=-108 inset=157 residual=50
2026-08-27 23:21:35.272 NuvioTV[84819:12603482] [HomeScrollProbe] classic y=-113 inset=157 residual=45
2026-08-27 23:21:35.288 NuvioTV[84819:12603482] [HomeScrollProbe] classic y=-117 inset=157 residual=40
2026-08-27 23:21:35.305 NuvioTV[84819:12603482] [HomeScrollProbe] classic y=-121 inset=157 residual=36
2026-08-27 23:21:35.323 NuvioTV[84819:12603482] [HomeScrollProbe] classic y=-125 inset=157 residual=33
2026-08-27 23:21:35.340 NuvioTV[84819:12603482] [HomeScrollProbe] classic y=-128 inset=157 residual=30
2026-08-27 23:21:35.356 NuvioTV[84819:12603482] [HomeScrollProbe] classic y=-131 inset=157 residual=27
2026-08-27 23:21:35.373 NuvioTV[84819:12603482] [HomeScrollProbe] classic y=-134 inset=157 residual=24
2026-08-27 23:21:35.389 NuvioTV[84819:12603482] [HomeScrollProbe] classic y=-136 inset=157 residual=22
2026-08-27 23:21:35.406 NuvioTV[84819:12603482] [HomeScrollProbe] classic y=-138 inset=157 residual=19
2026-08-27 23:21:35.423 NuvioTV[84819:12603482] [HomeScrollProbe] classic y=-140 inset=157 residual=17
2026-08-27 23:21:35.440 NuvioTV[84819:12603482] [HomeScrollProbe] classic y=-142 inset=157 residual=16
2026-08-27 23:21:35.455 NuvioTV[84819:12603482] [HomeScrollProbe] classic y=-143 inset=157 residual=14
2026-08-27 23:21:35.472 NuvioTV[84819:12603482] [HomeScrollProbe] classic y=-145 inset=157 residual=13
2026-08-27 23:21:35.488 NuvioTV[84819:12603482] [HomeScrollProbe] classic y=-146 inset=157 residual=12
2026-08-27 23:21:35.505 NuvioTV[84819:12603482] [HomeScrollProbe] classic y=-147 inset=157 residual=10
2026-08-27 23:21:35.522 NuvioTV[84819:12603482] [HomeScrollProbe] classic y=-148 inset=157 residual=9
2026-08-27 23:21:35.538 NuvioTV[84819:12603482] [HomeScrollProbe] classic y=-149 inset=157 residual=8
2026-08-27 23:21:35.555 NuvioTV[84819:12603482] [HomeScrollProbe] classic y=-150 inset=157 residual=8
2026-08-27 23:21:35.572 NuvioTV[84819:12603482] [HomeScrollProbe] classic y=-151 inset=157 residual=7
2026-08-27 23:21:35.588 NuvioTV[84819:12603482] [HomeScrollProbe] classic y=-151 inset=157 residual=6
2026-08-27 23:21:35.605 NuvioTV[84819:12603482] [HomeScrollProbe] classic y=-152 inset=157 residual=6
2026-08-27 23:21:35.621 NuvioTV[84819:12603482] [HomeScrollProbe] classic y=-152 inset=157 residual=5
2026-08-27 23:21:35.638 NuvioTV[84819:12603482] [HomeScrollProbe] classic y=-153 inset=157 residual=5
2026-08-27 23:21:35.655 NuvioTV[84819:12603482] [HomeScrollProbe] classic y=-153 inset=157 residual=4
2026-08-27 23:21:35.672 NuvioTV[84819:12603482] [HomeScrollProbe] classic y=-154 inset=157 residual=4
2026-08-27 23:21:35.688 NuvioTV[84819:12603482] [HomeScrollProbe] classic y=-154 inset=157 residual=3
2026-08-27 23:21:35.722 NuvioTV[84819:12603482] [HomeScrollProbe] classic y=-155 inset=157 residual=3
2026-08-27 23:21:35.755 NuvioTV[84819:12603482] [HomeScrollProbe] classic y=-155 inset=157 residual=2
2026-08-27 23:21:35.789 NuvioTV[84819:12603482] [HomeScrollProbe] classic y=-156 inset=157 residual=2
2026-08-27 23:21:35.839 NuvioTV[84819:12603482] [HomeScrollProbe] classic y=-156 inset=157 residual=1
2026-08-27 23:21:35.922 NuvioTV[84819:12603482] [HomeScrollProbe] classic y=-157 inset=157 residual=1
2026-08-27 23:21:36.007 NuvioTV[84819:12603482] [HomeScrollProbe] classic y=-157 inset=157 residual=0
2026-08-27 23:21:36.427 NuvioTV[84819:12603482] [HomeScrollProbe] REST classic y=-157 inset=157 residual=0
com.nuvio.media.NuvioTV: 84819
